Sep 13 12:16:05 localhost kernel: ADDRCONF(NETDEV_UP): wlan0: link is not ready
Sep 13 12:16:07 localhost kernel: e1000e 0000:00:19.0: irq 46 for MSI/MSI-X
Sep 13 12:16:07 localhost kernel: e1000e 0000:00:19.0: irq 46 for MSI/MSI-X
Sep 13 12:16:07 localhost kernel: ADDRCONF(NETDEV_UP): eth0: link is not ready
Sep 13 12:16:12 localhost kernel: ADDRCONF(NETDEV_UP): wlan0: link is not ready
Sep 13 12:16:14 localhost kernel: wlan0: authenticate with 00:24:6c:c2:e6:00 (try 1)
Sep 13 12:16:14 localhost kernel: wlan0: deauthenticating from 00:24:6c:c2:e6:00 by local choice (reason=3)
Sep 13 12:16:14 localhost kernel: wlan0: authenticate with 00:24:6c:c2:e6:00 (try 1)
Sep 13 12:16:14 localhost kernel: wlan0: authenticated
Sep 13 12:16:14 localhost kernel: wlan0: associate with 00:24:6c:c2:e6:00 (try 1)
Sep 13 12:16:14 localhost kernel: wlan0: deauthenticating from 00:24:6c:c2:e6:00 by local choice (reason=3)
Sep 13 12:16:14 localhost kernel: wlan0: authenticate with 00:24:6c:c2:e6:00 (try 1)
Sep 13 12:16:14 localhost kernel: wlan0: authenticated
Sep 13 12:16:14 localhost kernel: wlan0: associate with 00:24:6c:c2:e6:00 (try 1)
Sep 13 12:16:14 localhost kernel: wlan0: RX AssocResp from 00:24:6c:c2:e6:00 (capab=0x421 status=0 aid=3)
Sep 13 12:16:14 localhost kernel: wlan0: associated
Sep 13 12:16:14 localhost kernel: wlan0: deauthenticated from 00:24:6c:c2:e6:00 (Reason: 9)
Sep 13 12:16:14 localhost kernel: cfg80211: Calling CRDA to update world regulatory domain
Sep 13 12:16:50 localhost kernel: ADDRCONF(NETDEV_UP): wlan0: link is not ready
Sep 13 12:16:51 localhost kernel: e1000e 0000:00:19.0: irq 46 for MSI/MSI-X
Sep 13 12:16:51 localhost kernel: e1000e 0000:00:19.0: irq 46 for MSI/MSI-X
Sep 13 12:16:51 localhost kernel: ADDRCONF(NETDEV_UP): eth0: link is not ready
Sep 13 12:16:51 localhost kernel: ADDRCONF(NETDEV_UP): wlan0: link is not ready
Sep 13 12:16:52 localhost kernel: ADDRCONF(NETDEV_UP): wlan0: link is not ready
Sep 13 12:16:52 localhost kernel: e1000e 0000:00:19.0: irq 46 for MSI/MSI-X
Sep 13 12:16:52 localhost kernel: e1000e 0000:00:19.0: irq 46 for MSI/MSI-X
Sep 13 12:16:52 localhost kernel: ADDRCONF(NETDEV_UP): eth0: link is not ready
Sep 13 12:16:53 localhost kernel: wlan0: authenticate with 00:24:6c:c2:e6:00 (try 1)
Sep 13 12:16:53 localhost kernel: wlan0: authenticated
Sep 13 12:16:53 localhost kernel: wlan0: associate with 00:24:6c:c2:e6:00 (try 1)
Sep 13 12:16:53 localhost kernel: wlan0: RX AssocResp from 00:24:6c:c2:e6:00 (capab=0x421 status=0 aid=3)
Sep 13 12:16:53 localhost kernel: wlan0: associated
Sep 13 12:16:53 localhost kernel: ADDRCONF(NETDEV_CHANGE): wlan0: link becomes ready
Sep 13 12:17:03 localhost kernel: wlan0: no IPv6 routers present
Sep 13 12:19:36 localhost kernel: vgaarb: device changed decodes: PCI:0000:01:00.0,olddecodes=io+mem,decodes=none:owns=none
Sep 13 12:19:36 localhost kernel: vgaarb: device changed decodes: PCI:0000:00:02.0,olddecodes=io+mem,decodes=none:owns=io+mem
Sep 13 12:50:41 localhost kernel: usb 1-1: USB disconnect, address 2
Sep 13 12:50:41 localhost kernel: wlan0: deauthenticating from 00:24:6c:c2:e6:00 by local choice (reason=3)
Sep 13 12:50:42 localhost kernel: cfg80211: Calling CRDA to update world regulatory domain
Sep 13 12:50:42 localhost kernel: e1000e 0000:00:19.0: irq 46 for MSI/MSI-X
Sep 13 12:50:42 localhost kernel: e1000e 0000:00:19.0: irq 46 for MSI/MSI-X
Sep 13 12:50:42 localhost kernel: ADDRCONF(NETDEV_UP): eth0: link is not ready
Sep 13 12:55:04 localhost kernel: Monitor-Mwait will be used to enter C-3 state
Sep 13 12:55:04 localhost kernel: thinkpad_acpi: EC reports that Thermal Table has changed
Sep 13 12:55:13 localhost kernel: usb 1-1: new high speed USB device using ehci_hcd and address 4
Sep 13 12:55:14 localhost kernel: phy1: Selected rate control algorithm 'minstrel'
Sep 13 12:55:14 localhost kernel: Registered led device: rt73usb-phy1::radio
Sep 13 12:55:14 localhost kernel: Registered led device: rt73usb-phy1::assoc
Sep 13 12:55:14 localhost kernel: Registered led device: rt73usb-phy1::quality
Sep 13 12:55:21 localhost kernel: ADDRCONF(NETDEV_UP): wlan0: link is not ready
Sep 13 12:55:35 localhost kernel: ADDRCONF(NETDEV_UP): wlan0: link is not ready
Sep 13 12:55:35 localhost kernel: e1000e 0000:00:19.0: irq 46 for MSI/MSI-X
Sep 13 12:55:35 localhost kernel: e1000e 0000:00:19.0: irq 46 for MSI/MSI-X
Sep 13 12:55:35 localhost kernel: ADDRCONF(NETDEV_UP): eth0: link is not ready
Sep 13 12:55:35 localhost kernel: ADDRCONF(NETDEV_UP): wlan0: link is not ready
Sep 13 12:55:37 localhost kernel: wlan0: authenticate with 00:24:6c:c2:cf:a0 (try 1)
Sep 13 12:55:37 localhost kernel: wlan0: authenticated
Sep 13 12:55:37 localhost kernel: wlan0: associate with 00:24:6c:c2:cf:a0 (try 1)
Sep 13 12:55:37 localhost kernel: wlan0: deauthenticating from 00:24:6c:c2:cf:a0 by local choice (reason=3)
Sep 13 12:55:37 localhost kernel: wlan0: authenticate with 00:24:6c:c2:cf:a0 (try 1)
Sep 13 12:55:37 localhost kernel: wlan0: deauthenticating from 00:24:6c:c2:cf:a0 by local choice (reason=3)
Sep 13 12:55:37 localhost kernel: wlan0: authenticate with 00:24:6c:c0:3d:60 (try 1)
Sep 13 12:55:37 localhost kernel: wlan0: authenticated
Sep 13 12:55:37 localhost kernel: wlan0: associate with 00:24:6c:c0:3d:60 (try 1)
Sep 13 12:55:37 localhost kernel: wlan0: RX AssocResp from 00:24:6c:c0:3d:60 (capab=0x421 status=0 aid=2)
Sep 13 12:55:37 localhost kernel: wlan0: associated
Sep 13 12:55:37 localhost kernel: ADDRCONF(NETDEV_CHANGE): wlan0: link becomes ready
Sep 13 12:55:48 localhost kernel: wlan0: no IPv6 routers present
Sep 13 12:55:59 localhost kernel: wlan0: deauthenticated from 00:24:6c:c0:3d:60 (Reason: 3)
Sep 13 12:55:59 localhost kernel: cfg80211: Calling CRDA to update world regulatory domain
Sep 13 12:56:02 localhost kernel: ADDRCONF(NETDEV_UP): wlan0: link is not ready
Sep 13 12:56:02 localhost kernel: e1000e 0000:00:19.0: irq 46 for MSI/MSI-X
Sep 13 12:56:02 localhost kernel: e1000e 0000:00:19.0: irq 46 for MSI/MSI-X
Sep 13 12:56:02 localhost kernel: ADDRCONF(NETDEV_UP): eth0: link is not ready
Sep 13 13:01:10 localhost kernel: usb 6-1: new low speed USB device using uhci_hcd and address 2
Sep 13 13:01:10 localhost kernel: usb 6-1: device descriptor read/64, error -71
Sep 13 13:01:10 localhost kernel: hub 6-0:1.0: unable to enumerate USB device on port 1
Sep 13 13:01:11 localhost kernel: usb 6-1: new low speed USB device using uhci_hcd and address 3
Sep 13 13:01:11 localhost kernel: usb 6-1: device not accepting address 3, error -71
Sep 13 13:01:11 localhost kernel: hub 6-0:1.0: unable to enumerate USB device on port 1
Sep 13 13:01:12 localhost kernel: usb 6-1: new low speed USB device using uhci_hcd and address 5
Sep 13 13:01:12 localhost kernel: usbcore: registered new interface driver hiddev
Sep 13 13:01:12 localhost kernel: input: Kensington Wireless Presenter with Laser Pointer as /devices/pci0000:00/0000:00:1d.0/usb6/6-1/6-1:1.0/input/input14
Sep 13 13:01:12 localhost kernel: generic-usb 0003:047D:2012.0001: input,hidraw0: USB HID v1.11 Keyboard [Kensington Wireless Presenter with Laser Pointer] on usb-0000:00:1d.0-1/input0
Sep 13 13:01:12 localhost kernel: usbcore: registered new interface driver usbhid
Sep 13 13:01:12 localhost kernel: usbhid: USB HID core driver
Sep 13 13:53:09 localhost kernel: usb 6-1: USB disconnect, address 5
Sep 13 18:05:30 localhost kernel: Initializing cgroup subsys cpuset
Sep 13 18:05:30 localhost kernel: Initializing cgroup subsys cpu
Sep 13 18:05:30 localhost kernel: Linux version 2.6.35-ARCH (tobias@T-POWA-LX) (gcc version 4.5.1 (GCC) ) #1 SMP PREEMPT Fri Aug 27 17:14:28 CEST 2010
Sep 13 18:05:30 localhost kernel: Command line: root=/dev/disk/by-uuid/f1ca9560-8c47-4c79-971c-6f3b7f6b8019 ro
Sep 13 18:05:30 localhost kernel: BIOS-provided physical RAM map:
Sep 13 18:05:30 localhost kernel: BIOS-e820: 0000000000000000 - 000000000009ec00 (usable)
Sep 13 18:05:30 localhost kernel: BIOS-e820: 000000000009ec00 - 00000000000a0000 (reserved)
Sep 13 18:05:30 localhost kernel: BIOS-e820: 00000000000dc000 - 0000000000100000 (reserved)
Sep 13 18:05:30 localhost kernel: BIOS-e820: 0000000000100000 - 000000009d6a1000 (usable)
Sep 13 18:05:30 localhost kernel: BIOS-e820: 000000009d6a1000 - 000000009d6a7000 (reserved)
Sep 13 18:05:30 localhost kernel: BIOS-e820: 000000009d6a7000 - 000000009d7b7000 (usable)
Sep 13 18:05:30 localhost kernel: BIOS-e820: 000000009d7b7000 - 000000009d80f000 (reserved)
Sep 13 18:05:30 localhost kernel: BIOS-e820: 000000009d80f000 - 000000009d8c7000 (usable)
Sep 13 18:05:30 localhost kernel: BIOS-e820: 000000009d8c7000 - 000000009d8d2000 (ACPI NVS)
Sep 13 18:05:30 localhost kernel: BIOS-e820: 000000009d8d2000 - 000000009d8d5000 (ACPI data)
Sep 13 18:05:30 localhost kernel: BIOS-e820: 000000009d8d5000 - 000000009d8d9000 (reserved)
Sep 13 18:05:30 localhost kernel: BIOS-e820: 000000009d8d9000 - 000000009d8dd000 (ACPI NVS)
Sep 13 18:05:30 localhost kernel: BIOS-e820: 000000009d8dd000 - 000000009d8e0000 (reserved)
Sep 13 18:05:30 localhost kernel: BIOS-e820: 000000009d8e0000 - 000000009d907000 (ACPI NVS)
Sep 13 18:05:30 localhost kernel: BIOS-e820: 000000009d907000 - 000000009d908000 (ACPI data)
Sep 13 18:05:30 localhost kernel: BIOS-e820: 000000009d908000 - 000000009db0f000 (reserved)
Sep 13 18:05:30 localhost kernel: BIOS-e820: 000000009db0f000 - 000000009db9f000 (ACPI NVS)
Sep 13 18:05:30 localhost kernel: BIOS-e820: 000000009db9f000 - 000000009dbff000 (ACPI data)
Sep 13 18:05:30 localhost kernel: BIOS-e820: 000000009dbff000 - 000000009dc00000 (usable)
Sep 13 18:05:30 localhost kernel: BIOS-e820: 000000009dc00000 - 00000000a0000000 (reserved)
Sep 13 18:05:30 localhost kernel: BIOS-e820: 00000000e0000000 - 00000000f0000000 (reserved)
Sep 13 18:05:30 localhost kernel: BIOS-e820: 00000000fec00000 - 00000000fec10000 (reserved)
Sep 13 18:05:30 localhost kernel: BIOS-e820: 00000000fed00000 - 00000000fed00400 (reserved)
Sep 13 18:05:30 localhost kernel: BIOS-e820: 00000000fed10000 - 00000000fed14000 (reserved)
Sep 13 18:05:30 localhost kernel: BIOS-e820: 00000000fed18000 - 00000000fed1a000 (reserved)
Sep 13 18:05:30 localhost kernel: BIOS-e820: 00000000fed1c000 - 00000000fed90000 (reserved)
Sep 13 18:05:30 localhost kernel: BIOS-e820: 00000000fee00000 - 00000000fee01000 (reserved)
Sep 13 18:05:30 localhost kernel: BIOS-e820: 00000000ff800000 - 0000000100000000 (reserved)
Sep 13 18:05:30 localhost kernel: BIOS-e820: 0000000100000000 - 00000001dc000000 (usable)
Sep 13 18:05:30 localhost kernel: NX (Execute Disable) protection: active
Sep 13 18:05:30 localhost kernel: DMI present.
Sep 13 18:05:30 localhost kernel: e820 update range: 0000000000000000 - 0000000000001000 (usable) ==> (reserved)
Sep 13 18:05:30 localhost kernel: e820 remove range: 00000000000a0000 - 0000000000100000 (usable)
Sep 13 18:05:30 localhost kernel: No AGP bridge found
Sep 13 18:05:30 localhost kernel: last_pfn = 0x1dc000 max_arch_pfn = 0x400000000
Sep 13 18:05:30 localhost kernel: MTRR default type: uncachable
Sep 13 18:05:30 localhost kernel: MTRR fixed ranges enabled:
Sep 13 18:05:30 localhost kernel: 00000-9FFFF write-back
Sep 13 18:05:30 localhost kernel: A0000-BFFFF uncachable
Sep 13 18:05:30 localhost kernel: C0000-D3FFF write-protect
Sep 13 18:05:30 localhost kernel: D4000-DBFFF uncachable
Sep 13 18:05:30 localhost kernel: DC000-FFFFF write-protect
Sep 13 18:05:30 localhost kernel: MTRR variable ranges enabled:
Sep 13 18:05:30 localhost kernel: 0 base 1DC000000 mask FFC000000 uncachable
Sep 13 18:05:30 localhost kernel: 1 base 000000000 mask F80000000 write-back
Sep 13 18:05:30 localhost kernel: 2 base 080000000 mask FE0000000 write-back
Sep 13 18:05:30 localhost kernel: 3 base 100000000 mask F80000000 write-back
Sep 13 18:05:30 localhost kernel: 4 base 180000000 mask FC0000000 write-back
Sep 13 18:05:30 localhost kernel: 5 base 1C0000000 mask FE0000000 write-back
Sep 13 18:05:30 localhost kernel: 6 base 09DE00000 mask FFFE00000 uncachable
Sep 13 18:05:30 localhost kernel: x86 PAT enabled: cpu 0, old 0x7040600070406, new 0x7010600070106
Sep 13 18:05:30 localhost kernel: e820 update range: 000000009de00000 - 000000009e000000 (usable) ==> (reserved)
Sep 13 18:05:30 localhost kernel: e820 update range: 00000000a0000000 - 0000000100000000 (usable) ==> (reserved)
Sep 13 18:05:30 localhost kernel: last_pfn = 0x9dc00 max_arch_pfn = 0x400000000
Sep 13 18:05:30 localhost kernel: e820 update range: 0000000000001000 - 0000000000010000 (usable) ==> (reserved)
Sep 13 18:05:30 localhost kernel: Scanning 1 areas for low memory corruption
Sep 13 18:05:30 localhost kernel: modified physical RAM map:
Sep 13 18:05:30 localhost kernel: modified: 0000000000000000 - 0000000000010000 (reserved)
Sep 13 18:05:30 localhost kernel: modified: 0000000000010000 - 000000000009ec00 (usable)
Sep 13 18:05:30 localhost kernel: modified: 000000000009ec00 - 00000000000a0000 (reserved)
Sep 13 18:05:30 localhost kernel: modified: 00000000000dc000 - 0000000000100000 (reserved)
Sep 13 18:05:30 localhost kernel: modified: 0000000000100000 - 000000009d6a1000 (usable)
Sep 13 18:05:30 localhost kernel: modified: 000000009d6a1000 - 000000009d6a7000 (reserved)
Sep 13 18:05:30 localhost kernel: modified: 000000009d6a7000 - 000000009d7b7000 (usable)
Sep 13 18:05:30 localhost kernel: modified: 000000009d7b7000 - 000000009d80f000 (reserved)
Sep 13 18:05:30 localhost kernel: modified: 000000009d80f000 - 000000009d8c7000 (usable)
Sep 13 18:05:30 localhost kernel: modified: 000000009d8c7000 - 000000009d8d2000 (ACPI NVS)
Sep 13 18:05:30 localhost kernel: modified: 000000009d8d2000 - 000000009d8d5000 (ACPI data)
Sep 13 18:05:30 localhost kernel: modified: 000000009d8d5000 - 000000009d8d9000 (reserved)
Sep 13 18:05:30 localhost kernel: modified: 000000009d8d9000 - 000000009d8dd000 (ACPI NVS)
Sep 13 18:05:30 localhost kernel: modified: 000000009d8dd000 - 000000009d8e0000 (reserved)
Sep 13 18:05:30 localhost kernel: modified: 000000009d8e0000 - 000000009d907000 (ACPI NVS)
Sep 13 18:05:30 localhost kernel: modified: 000000009d907000 - 000000009d908000 (ACPI data)
Sep 13 18:05:30 localhost kernel: modified: 000000009d908000 - 000000009db0f000 (reserved)
Sep 13 18:05:30 localhost kernel: modified: 000000009db0f000 - 000000009db9f000 (ACPI NVS)
Sep 13 18:05:30 localhost kernel: modified: 000000009db9f000 - 000000009dbff000 (ACPI data)
Sep 13 18:05:30 localhost kernel: modified: 000000009dbff000 - 000000009dc00000 (usable)
Sep 13 18:05:30 localhost kernel: modified: 000000009dc00000 - 00000000a0000000 (reserved)
Sep 13 18:05:30 localhost kernel: modified: 00000000e0000000 - 00000000f0000000 (reserved)
Sep 13 18:05:30 localhost kernel: modified: 00000000fec00000 - 00000000fec10000 (reserved)
Sep 13 18:05:30 localhost kernel: modified: 00000000fed00000 - 00000000fed00400 (reserved)
Sep 13 18:05:30 localhost kernel: modified: 00000000fed10000 - 00000000fed14000 (reserved)
Sep 13 18:05:30 localhost kernel: modified: 00000000fed18000 - 00000000fed1a000 (reserved)
Sep 13 18:05:30 localhost kernel: modified: 00000000fed1c000 - 00000000fed90000 (reserved)
Sep 13 18:05:30 localhost kernel: modified: 00000000fee00000 - 00000000fee01000 (reserved)
Sep 13 18:05:30 localhost kernel: modified: 00000000ff800000 - 0000000100000000 (reserved)
Sep 13 18:05:30 localhost kernel: modified: 0000000100000000 - 00000001dc000000 (usable)
Sep 13 18:05:30 localhost kernel: initial memory mapped : 0 - 20000000
Sep 13 18:05:30 localhost kernel: found SMP MP-table at [ffff8800000f6520] f6520
Sep 13 18:05:30 localhost kernel: init_memory_mapping: 0000000000000000-000000009dc00000
Sep 13 18:05:30 localhost kernel: 0000000000 - 009dc00000 page 2M
Sep 13 18:05:30 localhost kernel: kernel direct mapping tables up to 9dc00000 @ 16000-1a000
Sep 13 18:05:30 localhost kernel: init_memory_mapping: 0000000100000000-00000001dc000000
Sep 13 18:05:30 localhost kernel: 0100000000 - 01dc000000 page 2M
Sep 13 18:05:30 localhost kernel: kernel direct mapping tables up to 1dc000000 @ 18000-21000
Sep 13 18:05:30 localhost kernel: RAMDISK: 37e55000 - 37ff0000
Sep 13 18:05:30 localhost kernel: ACPI: RSDP 00000000000f64e0 00024 (v02 LENOVO)
Sep 13 18:05:30 localhost kernel: ACPI: XSDT 000000009db6a273 00094 (v01 LENOVO TP-7U    00002160  LTP 00000000)
Sep 13 18:05:30 localhost kernel: ACPI: FACP 000000009db6a400 000F4 (v03 LENOVO TP-7U    00002160 LNVO 00000001)
Sep 13 18:05:30 localhost kernel: ACPI: DSDT 000000009db6a7db 0F3FB (v01 LENOVO TP-7U    00002160 MSFT 03000000)
Sep 13 18:05:30 localhost kernel: ACPI: FACS 000000009db8e000 00040
Sep 13 18:05:30 localhost kernel: ACPI: SSDT 000000009db6a5b4 00227 (v01 LENOVO TP-7U    00002160 MSFT 03000000)
Sep 13 18:05:30 localhost kernel: ACPI: ECDT 000000009db79bd6 00052 (v01 LENOVO TP-7U    00002160 LNVO 00000001)
Sep 13 18:05:30 localhost kernel: ACPI: APIC 000000009db79c28 00078 (v01 LENOVO TP-7U    00002160 LNVO 00000001)
Sep 13 18:05:30 localhost kernel: ACPI: MCFG 000000009db79ca0 0003C (v01 LENOVO TP-7U    00002160 LNVO 00000001)
Sep 13 18:05:30 localhost kernel: ACPI: HPET 000000009db79cdc 00038 (v01 LENOVO TP-7U    00002160 LNVO 00000001)
Sep 13 18:05:30 localhost kernel: ACPI: SLIC 000000009db79dc2 00176 (v01 LENOVO TP-7U    00002160  LTP 00000000)
Sep 13 18:05:30 localhost kernel: ACPI: BOOT 000000009db79f38 00028 (v01 LENOVO TP-7U    00002160  LTP 00000001)
Sep 13 18:05:30 localhost kernel: ACPI: ASF! 000000009db79f60 000A0 (v16 LENOVO TP-7U    00002160 PTL  00000001)
Sep 13 18:05:30 localhost kernel: ACPI: SSDT 000000009db8d213 0054F (v01 LENOVO TP-7U    00002160 INTL 20050513)
Sep 13 18:05:30 localhost kernel: ACPI: TCPA 000000009d907000 00032 (v00                 00000000      00000000)
Sep 13 18:05:30 localhost kernel: ACPI: SSDT 000000009d8d4000 00655 (v01  PmRef    CpuPm 00003000 INTL 20050624)
Sep 13 18:05:30 localhost kernel: ACPI: SSDT 000000009d8d3000 00274 (v01  PmRef  Cpu0Tst 00003000 INTL 20050624)
Sep 13 18:05:30 localhost kernel: ACPI: SSDT 000000009d8d2000 00242 (v01  PmRef    ApTst 00003000 INTL 20050624)
Sep 13 18:05:30 localhost kernel: ACPI: DMI detected: Lenovo ThinkPad T400
Sep 13 18:05:30 localhost kernel: ACPI: Added _OSI(Linux)
Sep 13 18:05:30 localhost kernel: ACPI: Local APIC address 0xfee00000
Sep 13 18:05:30 localhost kernel: [ffffea0000000000-ffffea00069fffff] PMD -> [ffff880002000000-ffff8800075fffff] on node 0
Sep 13 18:05:30 localhost kernel: Zone PFN ranges:
Sep 13 18:05:30 localhost kernel: DMA      0x00000010 -> 0x00001000
Sep 13 18:05:30 localhost kernel: DMA32    0x00001000 -> 0x00100000
Sep 13 18:05:30 localhost kernel: Normal   0x00100000 -> 0x001dc000
Sep 13 18:05:30 localhost kernel: Movable zone start PFN for each node
Sep 13 18:05:30 localhost kernel: early_node_map[6] active PFN ranges
Sep 13 18:05:30 localhost kernel: 0: 0x00000010 -> 0x0000009e
Sep 13 18:05:30 localhost kernel: 0: 0x00000100 -> 0x0009d6a1
Sep 13 18:05:30 localhost kernel: 0: 0x0009d6a7 -> 0x0009d7b7
Sep 13 18:05:30 localhost kernel: 0: 0x0009d80f -> 0x0009d8c7
Sep 13 18:05:30 localhost kernel: 0: 0x0009dbff -> 0x0009dc00
Sep 13 18:05:30 localhost kernel: 0: 0x00100000 -> 0x001dc000
Sep 13 18:05:30 localhost kernel: On node 0 totalpages: 1546232
Sep 13 18:05:30 localhost kernel: DMA zone: 56 pages used for memmap
Sep 13 18:05:30 localhost kernel: DMA zone: 0 pages reserved
Sep 13 18:05:30 localhost kernel: DMA zone: 3926 pages, LIFO batch:0
Sep 13 18:05:30 localhost kernel: DMA32 zone: 14280 pages used for memmap
Sep 13 18:05:30 localhost kernel: DMA32 zone: 626850 pages, LIFO batch:31
Sep 13 18:05:30 localhost kernel: Normal zone: 12320 pages used for memmap
Sep 13 18:05:30 localhost kernel: Normal zone: 888800 pages, LIFO batch:31
Sep 13 18:05:30 localhost kernel: ACPI: PM-Timer IO Port: 0x1008
Sep 13 18:05:30 localhost kernel: ACPI: Local APIC address 0xfee00000
Sep 13 18:05:30 localhost kernel: ACPI: LAPIC (acpi_id[0x00] lapic_id[0x00] enabled)
Sep 13 18:05:30 localhost kernel: ACPI: LAPIC (acpi_id[0x01] lapic_id[0x01] enabled)
Sep 13 18:05:30 localhost kernel: ACPI: LAPIC (acpi_id[0x02] lapic_id[0x02] disabled)
Sep 13 18:05:30 localhost kernel: ACPI: LAPIC (acpi_id[0x03] lapic_id[0x03] disabled)
Sep 13 18:05:30 localhost kernel: ACPI: LAPIC_NMI (acpi_id[0x00] high edge lint[0x1])
Sep 13 18:05:30 localhost kernel: ACPI: LAPIC_NMI (acpi_id[0x01] high edge lint[0x1])
Sep 13 18:05:30 localhost kernel: ACPI: IOAPIC (id[0x01] address[0xfec00000] gsi_base[0])
Sep 13 18:05:30 localhost kernel: IOAPIC[0]: apic_id 1, version 32, address 0xfec00000, GSI 0-23
Sep 13 18:05:30 localhost kernel: ACPI: INT_SRC_OVR (bus 0 bus_irq 0 global_irq 2 dfl dfl)
Sep 13 18:05:30 localhost kernel: ACPI: INT_SRC_OVR (bus 0 bus_irq 9 global_irq 9 high level)
Sep 13 18:05:30 localhost kernel: ACPI: IRQ0 used by override.
Sep 13 18:05:30 localhost kernel: ACPI: IRQ2 used by override.
Sep 13 18:05:30 localhost kernel: ACPI: IRQ9 used by override.
Sep 13 18:05:30 localhost kernel: Using ACPI (MADT) for SMP configuration information
Sep 13 18:05:30 localhost kernel: ACPI: HPET id: 0x8086a201 base: 0xfed00000
Sep 13 18:05:30 localhost kernel: SMP: Allowing 4 CPUs, 2 hotplug CPUs
Sep 13 18:05:30 localhost kernel: nr_irqs_gsi: 40
Sep 13 18:05:30 localhost kernel: early_res array is doubled to 64 at [1c300 - 1caff]
Sep 13 18:05:30 localhost kernel: PM: Registered nosave memory: 000000000009e000 - 000000000009f000
Sep 13 18:05:30 localhost kernel: PM: Registered nosave memory: 000000000009f000 - 00000000000a0000
Sep 13 18:05:30 localhost kernel: PM: Registered nosave memory: 00000000000a0000 - 00000000000dc000
Sep 13 18:05:30 localhost kernel: PM: Registered nosave memory: 00000000000dc000 - 0000000000100000
Sep 13 18:05:30 localhost kernel: early_res array is doubled to 128 at [1cb00 - 1daff]
Sep 13 18:05:30 localhost kernel: PM: Registered nosave memory: 000000009d6a1000 - 000000009d6a7000
Sep 13 18:05:30 localhost kernel: PM: Registered nosave memory: 000000009d7b7000 - 000000009d80f000
Sep 13 18:05:30 localhost kernel: PM: Registered nosave memory: 000000009d8c7000 - 000000009d8d2000
Sep 13 18:05:30 localhost kernel: PM: Registered nosave memory: 000000009d8d2000 - 000000009d8d5000
Sep 13 18:05:30 localhost kernel: PM: Registered nosave memory: 000000009d8d5000 - 000000009d8d9000
Sep 13 18:05:30 localhost kernel: PM: Registered nosave memory: 000000009d8d9000 - 000000009d8dd000
Sep 13 18:05:30 localhost kernel: PM: Registered nosave memory: 000000009d8dd000 - 000000009d8e0000
Sep 13 18:05:30 localhost kernel: PM: Registered nosave memory: 000000009d8e0000 - 000000009d907000
Sep 13 18:05:30 localhost kernel: PM: Registered nosave memory: 000000009d907000 - 000000009d908000
Sep 13 18:05:30 localhost kernel: PM: Registered nosave memory: 000000009d908000 - 000000009db0f000
Sep 13 18:05:30 localhost kernel: PM: Registered nosave memory: 000000009db0f000 - 000000009db9f000
Sep 13 18:05:30 localhost kernel: PM: Registered nosave memory: 000000009db9f000 - 000000009dbff000
Sep 13 18:05:30 localhost kernel: PM: Registered nosave memory: 000000009dc00000 - 00000000a0000000
Sep 13 18:05:30 localhost kernel: PM: Registered nosave memory: 00000000a0000000 - 00000000e0000000
Sep 13 18:05:30 localhost kernel: PM: Registered nosave memory: 00000000e0000000 - 00000000f0000000
Sep 13 18:05:30 localhost kernel: PM: Registered nosave memory: 00000000f0000000 - 00000000fec00000
Sep 13 18:05:30 localhost kernel: PM: Registered nosave memory: 00000000fec00000 - 00000000fec10000
Sep 13 18:05:30 localhost kernel: PM: Registered nosave memory: 00000000fec10000 - 00000000fed00000
Sep 13 18:05:30 localhost kernel: PM: Registered nosave memory: 00000000fed00000 - 00000000fed10000
Sep 13 18:05:30 localhost kernel: PM: Registered nosave memory: 00000000fed10000 - 00000000fed14000
Sep 13 18:05:30 localhost kernel: PM: Registered nosave memory: 00000000fed14000 - 00000000fed18000
Sep 13 18:05:30 localhost kernel: PM: Registered nosave memory: 00000000fed18000 - 00000000fed1a000
Sep 13 18:05:30 localhost kernel: PM: Registered nosave memory: 00000000fed1a000 - 00000000fed1c000
Sep 13 18:05:30 localhost kernel: PM: Registered nosave memory: 00000000fed1c000 - 00000000fed90000
Sep 13 18:05:30 localhost kernel: PM: Registered nosave memory: 00000000fed90000 - 00000000fee00000
Sep 13 18:05:30 localhost kernel: PM: Registered nosave memory: 00000000fee00000 - 00000000fee01000
Sep 13 18:05:30 localhost kernel: PM: Registered nosave memory: 00000000fee01000 - 00000000ff800000
Sep 13 18:05:30 localhost kernel: PM: Registered nosave memory: 00000000ff800000 - 0000000100000000
Sep 13 18:05:30 localhost kernel: Allocating PCI resources starting at a0000000 (gap: a0000000:40000000)
Sep 13 18:05:30 localhost kernel: Booting paravirtualized kernel on bare hardware
Sep 13 18:05:30 localhost kernel: setup_percpu: NR_CPUS:16 nr_cpumask_bits:16 nr_cpu_ids:4 nr_node_ids:1
Sep 13 18:05:30 localhost kernel: PERCPU: Embedded 29 pages/cpu @ffff880001800000 s88832 r8192 d21760 u524288
Sep 13 18:05:30 localhost kernel: pcpu-alloc: s88832 r8192 d21760 u524288 alloc=1*2097152
Sep 13 18:05:30 localhost kernel: pcpu-alloc: [0] 0 1 2 3 
Sep 13 18:05:30 localhost kernel: Built 1 zonelists in Zone order, mobility grouping on.  Total pages: 1519576
Sep 13 18:05:30 localhost kernel: Kernel command line: root=/dev/disk/by-uuid/f1ca9560-8c47-4c79-971c-6f3b7f6b8019 ro
Sep 13 18:05:30 localhost kernel: PID hash table entries: 4096 (order: 3, 32768 bytes)
Sep 13 18:05:30 localhost kernel: Dentry cache hash table entries: 1048576 (order: 11, 8388608 bytes)
Sep 13 18:05:30 localhost kernel: Inode-cache hash table entries: 524288 (order: 10, 4194304 bytes)
Sep 13 18:05:30 localhost kernel: xsave/xrstor: enabled xstate_bv 0x3, cntxt size 0x240
Sep 13 18:05:30 localhost kernel: Checking aperture...
Sep 13 18:05:30 localhost kernel: No AGP bridge found
Sep 13 18:05:30 localhost kernel: Calgary: detecting Calgary via BIOS EBDA area
Sep 13 18:05:30 localhost kernel: Calgary: Unable to locate Rio Grande table in EBDA - bailing!
Sep 13 18:05:30 localhost kernel: Subtract (80 early reservations)
Sep 13 18:05:30 localhost kernel: #1 [0001000000 - 00016f9598]   TEXT DATA BSS
Sep 13 18:05:30 localhost kernel: #2 [0037e55000 - 0037ff0000]         RAMDISK
Sep 13 18:05:30 localhost kernel: #3 [00016fa000 - 00016fa14c]             BRK
Sep 13 18:05:30 localhost kernel: #4 [00000f6530 - 0000100000]   BIOS reserved
Sep 13 18:05:30 localhost kernel: #5 [00000f6520 - 00000f6530]    MP-table mpf
Sep 13 18:05:30 localhost kernel: #6 [000009ec00 - 000009f171]   BIOS reserved
Sep 13 18:05:30 localhost kernel: #7 [000009f285 - 00000f6520]   BIOS reserved
Sep 13 18:05:30 localhost kernel: #8 [000009f171 - 000009f285]    MP-table mpc
Sep 13 18:05:30 localhost kernel: #9 [0000010000 - 0000012000]      TRAMPOLINE
Sep 13 18:05:30 localhost kernel: #10 [0000012000 - 0000016000]     ACPI WAKEUP
Sep 13 18:05:30 localhost kernel: #11 [0000016000 - 0000018000]         PGTABLE
Sep 13 18:05:30 localhost kernel: #12 [0000018000 - 000001c000]         PGTABLE
Sep 13 18:05:30 localhost kernel: #13 [00016fa180 - 00016fb180]         BOOTMEM
Sep 13 18:05:30 localhost kernel: #14 [000001c000 - 000001c300]         BOOTMEM
Sep 13 18:05:30 localhost kernel: #15 [0001efc000 - 0001efd000]         BOOTMEM
Sep 13 18:05:30 localhost kernel: #16 [0001efd000 - 0001efe000]         BOOTMEM
Sep 13 18:05:30 localhost kernel: #17 [0002000000 - 0007600000]        MEMMAP 0
Sep 13 18:05:30 localhost kernel: #18 [00016fb180 - 0001713180]         BOOTMEM
Sep 13 18:05:30 localhost kernel: #19 [0001713180 - 000172b180]         BOOTMEM
Sep 13 18:05:30 localhost kernel: #20 [000172b180 - 0001743180]         BOOTMEM
Sep 13 18:05:30 localhost kernel: #21 [0001744000 - 0001745000]         BOOTMEM
Sep 13 18:05:30 localhost kernel: #22 [00016f95c0 - 00016f9601]         BOOTMEM
Sep 13 18:05:30 localhost kernel: #23 [00016f9640 - 00016f9683]         BOOTMEM
Sep 13 18:05:30 localhost kernel: #24 [00016f96c0 - 00016f9d50]         BOOTMEM
Sep 13 18:05:30 localhost kernel: #25 [00016f9d80 - 00016f9de8]         BOOTMEM
Sep 13 18:05:30 localhost kernel: #26 [00016f9e00 - 00016f9e68]         BOOTMEM
Sep 13 18:05:30 localhost kernel: #27 [00016f9e80 - 00016f9ee8]         BOOTMEM
Sep 13 18:05:30 localhost kernel: #28 [00016f9f00 - 00016f9f68]         BOOTMEM
Sep 13 18:05:30 localhost kernel: #29 [00016f9f80 - 00016f9fe8]         BOOTMEM
Sep 13 18:05:30 localhost kernel: #30 [0001743180 - 00017431e8]         BOOTMEM
Sep 13 18:05:30 localhost kernel: #31 [0001743200 - 0001743268]         BOOTMEM
Sep 13 18:05:30 localhost kernel: #32 [0001743280 - 00017432e8]         BOOTMEM
Sep 13 18:05:30 localhost kernel: #33 [0001743300 - 0001743368]         BOOTMEM
Sep 13 18:05:30 localhost kernel: #34 [0001743380 - 00017433e8]         BOOTMEM
Sep 13 18:05:30 localhost kernel: #35 [0001743400 - 0001743468]         BOOTMEM
Sep 13 18:05:30 localhost kernel: #36 [0001743480 - 00017434e8]         BOOTMEM
Sep 13 18:05:30 localhost kernel: #37 [0001743500 - 0001743568]         BOOTMEM
Sep 13 18:05:30 localhost kernel: #38 [0001743580 - 00017435e8]         BOOTMEM
Sep 13 18:05:30 localhost kernel: #39 [0001743600 - 0001743668]         BOOTMEM
Sep 13 18:05:30 localhost kernel: #40 [0001743680 - 00017436e8]         BOOTMEM
Sep 13 18:05:30 localhost kernel: #41 [0001743700 - 0001743768]         BOOTMEM
Sep 13 18:05:30 localhost kernel: #42 [0001743780 - 00017437e8]         BOOTMEM
Sep 13 18:05:30 localhost kernel: #43 [0001743800 - 0001743868]         BOOTMEM
Sep 13 18:05:30 localhost kernel: #44 [0001743880 - 00017438e8]         BOOTMEM
Sep 13 18:05:30 localhost kernel: #45 [0001743900 - 0001743968]         BOOTMEM
Sep 13 18:05:30 localhost kernel: #46 [0001743980 - 00017439e8]         BOOTMEM
Sep 13 18:05:30 localhost kernel: #47 [0001743a00 - 0001743a68]         BOOTMEM
Sep 13 18:05:30 localhost kernel: #48 [0001743a80 - 0001743ae8]         BOOTMEM
Sep 13 18:05:30 localhost kernel: #49 [0001743b00 - 0001743b68]         BOOTMEM
Sep 13 18:05:30 localhost kernel: #50 [0001743b80 - 0001743be8]         BOOTMEM
Sep 13 18:05:30 localhost kernel: #51 [0001743c00 - 0001743c68]         BOOTMEM
Sep 13 18:05:30 localhost kernel: #52 [0001743c80 - 0001743ce8]         BOOTMEM
Sep 13 18:05:30 localhost kernel: #53 [0001743d00 - 0001743d68]         BOOTMEM
Sep 13 18:05:30 localhost kernel: #54 [0001743d80 - 0001743da0]         BOOTMEM
Sep 13 18:05:30 localhost kernel: #55 [0001743dc0 - 0001743de0]         BOOTMEM
Sep 13 18:05:30 localhost kernel: #56 [0001743e00 - 0001743e20]         BOOTMEM
Sep 13 18:05:30 localhost kernel: #57 [0001743e40 - 0001743e60]         BOOTMEM
Sep 13 18:05:30 localhost kernel: #58 [0001743e80 - 0001743ea0]         BOOTMEM
Sep 13 18:05:30 localhost kernel: #59 [0001743ec0 - 0001743eff]         BOOTMEM
Sep 13 18:05:30 localhost kernel: #60 [0001743f00 - 0001743f3f]         BOOTMEM
Sep 13 18:05:30 localhost kernel: #61 [0001800000 - 000181d000]         BOOTMEM
Sep 13 18:05:30 localhost kernel: #62 [0001880000 - 000189d000]         BOOTMEM
Sep 13 18:05:30 localhost kernel: #63 [0001900000 - 000191d000]         BOOTMEM
Sep 13 18:05:30 localhost kernel: #64 [0001980000 - 000199d000]         BOOTMEM
Sep 13 18:05:30 localhost kernel: #65 [0001743f40 - 0001743f48]         BOOTMEM
Sep 13 18:05:30 localhost kernel: #66 [0001743f80 - 0001743f88]         BOOTMEM
Sep 13 18:05:30 localhost kernel: #67 [0001743fc0 - 0001743fd0]         BOOTMEM
Sep 13 18:05:30 localhost kernel: #68 [0001747000 - 0001747020]         BOOTMEM
Sep 13 18:05:30 localhost kernel: #69 [0001747040 - 0001747170]         BOOTMEM
Sep 13 18:05:30 localhost kernel: #70 [0001747180 - 00017471d0]         BOOTMEM
Sep 13 18:05:30 localhost kernel: #71 [0001747200 - 0001747250]         BOOTMEM
Sep 13 18:05:30 localhost kernel: #72 [0001747280 - 000174f280]         BOOTMEM
Sep 13 18:05:30 localhost kernel: #73 [0007600000 - 0007e00000]         BOOTMEM
Sep 13 18:05:30 localhost kernel: #74 [000199d000 - 0001d9d000]         BOOTMEM
Sep 13 18:05:30 localhost kernel: #75 [0001745000 - 0001745240]         BOOTMEM
Sep 13 18:05:30 localhost kernel: #76 [0007e00000 - 000be00000]         BOOTMEM
Sep 13 18:05:30 localhost kernel: #77 [000174f280 - 000176f280]         BOOTMEM
Sep 13 18:05:30 localhost kernel: #78 [000176f280 - 00017af280]         BOOTMEM
Sep 13 18:05:30 localhost kernel: #79 [000001db00 - 0000025b00]         BOOTMEM
Sep 13 18:05:30 localhost kernel: Memory: 6008968k/7798784k available (3543k kernel code, 1613856k absent, 175960k reserved, 1834k data, 488k init)
Sep 13 18:05:30 localhost kernel: SLUB: Genslabs=13, HWalign=64, Order=0-3, MinObjects=0, CPUs=4, Nodes=1
Sep 13 18:05:30 localhost kernel: Hierarchical RCU implementation.
Sep 13 18:05:30 localhost kernel: 	RCU-based detection of stalled CPUs is disabled.
Sep 13 18:05:30 localhost kernel: 	Verbose stalled-CPUs detection is disabled.
Sep 13 18:05:30 localhost kernel: NR_IRQS:768
Sep 13 18:05:30 localhost kernel: Extended CMOS year: 2000
Sep 13 18:05:30 localhost kernel: Console: colour VGA+ 80x25
Sep 13 18:05:30 localhost kernel: console [tty0] enabled
Sep 13 18:05:30 localhost kernel: allocated 62914560 bytes of page_cgroup
Sep 13 18:05:30 localhost kernel: please try 'cgroup_disable=memory' option if you don't want memory cgroups
Sep 13 18:05:30 localhost kernel: hpet clockevent registered
Sep 13 18:05:30 localhost kernel: Fast TSC calibration failed
Sep 13 18:05:30 localhost kernel: TSC: PIT calibration matches HPET. 1 loops
Sep 13 18:05:30 localhost kernel: Detected 2527.002 MHz processor.
Sep 13 18:05:30 localhost kernel: Calibrating delay loop (skipped), value calculated using timer frequency.. 5056.58 BogoMIPS (lpj=8423340)
Sep 13 18:05:30 localhost kernel: pid_max: default: 32768 minimum: 301
Sep 13 18:05:30 localhost kernel: Security Framework initialized
Sep 13 18:05:30 localhost kernel: Mount-cache hash table entries: 256
Sep 13 18:05:30 localhost kernel: Initializing cgroup subsys ns
Sep 13 18:05:30 localhost kernel: Initializing cgroup subsys cpuacct
Sep 13 18:05:30 localhost kernel: Initializing cgroup subsys memory
Sep 13 18:05:30 localhost kernel: Initializing cgroup subsys devices
Sep 13 18:05:30 localhost kernel: Initializing cgroup subsys freezer
Sep 13 18:05:30 localhost kernel: Initializing cgroup subsys net_cls
Sep 13 18:05:30 localhost kernel: Initializing cgroup subsys blkio
Sep 13 18:05:30 localhost kernel: CPU: Physical Processor ID: 0
Sep 13 18:05:30 localhost kernel: CPU: Processor Core ID: 0
Sep 13 18:05:30 localhost kernel: mce: CPU supports 6 MCE banks
Sep 13 18:05:30 localhost kernel: CPU0: Thermal monitoring enabled (TM2)
Sep 13 18:05:30 localhost kernel: using mwait in idle threads.
Sep 13 18:05:30 localhost kernel: Performance Events: PEBS fmt0+, Core2 events, Intel PMU driver.
Sep 13 18:05:30 localhost kernel: ... version:                2
Sep 13 18:05:30 localhost kernel: ... bit width:              40
Sep 13 18:05:30 localhost kernel: ... generic registers:      2
Sep 13 18:05:30 localhost kernel: ... value mask:             000000ffffffffff
Sep 13 18:05:30 localhost kernel: ... max period:             000000007fffffff
Sep 13 18:05:30 localhost kernel: ... fixed-purpose events:   3
Sep 13 18:05:30 localhost kernel: ... event mask:             0000000700000003
Sep 13 18:05:30 localhost kernel: ACPI: Core revision 20100428
Sep 13 18:05:30 localhost kernel: Setting APIC routing to flat
Sep 13 18:05:30 localhost kernel: ..TIMER: vector=0x30 apic1=0 pin1=2 apic2=-1 pin2=-1
Sep 13 18:05:30 localhost kernel: CPU0: Intel(R) Core(TM)2 Duo CPU     T9400  @ 2.53GHz stepping 0a
Sep 13 18:05:30 localhost kernel: Booting Node   0, Processors  #1
Sep 13 18:05:30 localhost kernel: Brought up 2 CPUs
Sep 13 18:05:30 localhost kernel: Total of 2 processors activated (10112.16 BogoMIPS).
Sep 13 18:05:30 localhost kernel: devtmpfs: initialized
Sep 13 18:05:30 localhost kernel: NET: Registered protocol family 16
Sep 13 18:05:30 localhost kernel: ACPI FADT declares the system doesn't support PCIe ASPM, so disable it
Sep 13 18:05:30 localhost kernel: ACPI: bus type pci registered
Sep 13 18:05:30 localhost kernel: PCI: MMCONFIG for domain 0000 [bus 00-3f] at [mem 0xe0000000-0xe3ffffff] (base 0xe0000000)
Sep 13 18:05:30 localhost kernel: PCI: MMCONFIG at [mem 0xe0000000-0xe3ffffff] reserved in E820
Sep 13 18:05:30 localhost kernel: PCI: Using configuration type 1 for base access
Sep 13 18:05:30 localhost kernel: bio: create slab <bio-0> at 0
Sep 13 18:05:30 localhost kernel: ACPI: EC: EC description table is found, configuring boot EC
Sep 13 18:05:30 localhost kernel: ACPI: BIOS _OSI(Linux) query honored via DMI
Sep 13 18:05:30 localhost kernel: ACPI: SSDT 000000009d8d7c20 002C8 (v01  PmRef  Cpu0Ist 00003000 INTL 20050624)
Sep 13 18:05:30 localhost kernel: ACPI: Dynamic OEM Table Load:
Sep 13 18:05:30 localhost kernel: ACPI: SSDT (null) 002C8 (v01  PmRef  Cpu0Ist 00003000 INTL 20050624)
Sep 13 18:05:30 localhost kernel: ACPI: SSDT 000000009d8d5020 0087A (v01  PmRef  Cpu0Cst 00003001 INTL 20050624)
Sep 13 18:05:30 localhost kernel: ACPI: Dynamic OEM Table Load:
Sep 13 18:05:30 localhost kernel: ACPI: SSDT (null) 0087A (v01  PmRef  Cpu0Cst 00003001 INTL 20050624)
Sep 13 18:05:30 localhost kernel: ACPI: SSDT 000000009d8d6ca0 001CF (v01  PmRef    ApIst 00003000 INTL 20050624)
Sep 13 18:05:30 localhost kernel: ACPI: Dynamic OEM Table Load:
Sep 13 18:05:30 localhost kernel: ACPI: SSDT (null) 001CF (v01  PmRef    ApIst 00003000 INTL 20050624)
Sep 13 18:05:30 localhost kernel: ACPI: SSDT 000000009d8d6f20 0008D (v01  PmRef    ApCst 00003000 INTL 20050624)
Sep 13 18:05:30 localhost kernel: ACPI: Dynamic OEM Table Load:
Sep 13 18:05:30 localhost kernel: ACPI: SSDT (null) 0008D (v01  PmRef    ApCst 00003000 INTL 20050624)
Sep 13 18:05:30 localhost kernel: ACPI: Interpreter enabled
Sep 13 18:05:30 localhost kernel: ACPI: (supports S0 S3 S4 S5)
Sep 13 18:05:30 localhost kernel: ACPI: Using IOAPIC for interrupt routing
Sep 13 18:05:30 localhost kernel: ACPI: EC: GPE = 0x11, I/O: command/status = 0x66, data = 0x62
Sep 13 18:05:30 localhost kernel: ACPI: Power Resource [PUBS] (on)
Sep 13 18:05:30 localhost kernel: ACPI: ACPI Dock Station Driver: 3 docks/bays found
Sep 13 18:05:30 localhost kernel: PCI: Using host bridge windows from ACPI; if necessary, use "pci=nocrs" and report a bug
Sep 13 18:05:30 localhost kernel: ACPI: PCI Root Bridge [PCI0] (domain 0000 [bus 00-ff])
Sep 13 18:05:30 localhost kernel: pci_root PNP0A08:00: host bridge window [io  0x0000-0x0cf7]
Sep 13 18:05:30 localhost kernel: pci_root PNP0A08:00: host bridge window [io  0x0d00-0xffff]
Sep 13 18:05:30 localhost kernel: pci_root PNP0A08:00: host bridge window [mem 0x000a0000-0x000bffff]
Sep 13 18:05:30 localhost kernel: pci_root PNP0A08:00: host bridge window [mem 0x000d4000-0x000d7fff]
Sep 13 18:05:30 localhost kernel: pci_root PNP0A08:00: host bridge window [mem 0x000d8000-0x000dbfff]
Sep 13 18:05:30 localhost kernel: pci_root PNP0A08:00: host bridge window [mem 0xa0000000-0xfebfffff]
Sep 13 18:05:30 localhost kernel: DMAR: Forcing write-buffer flush capability
Sep 13 18:05:30 localhost kernel: DMAR: Disabling IOMMU for graphics on this chipset
Sep 13 18:05:30 localhost kernel: pci 0000:00:01.0: PME# supported from D0 D3hot D3cold
Sep 13 18:05:30 localhost kernel: pci 0000:00:01.0: PME# disabled
Sep 13 18:05:30 localhost kernel: pci 0000:00:02.0: reg 10: [mem 0xfc000000-0xfc3fffff 64bit]
Sep 13 18:05:30 localhost kernel: pci 0000:00:02.0: reg 18: [mem 0xd0000000-0xdfffffff 64bit pref]
Sep 13 18:05:30 localhost kernel: pci 0000:00:02.0: reg 20: [io  0x1800-0x1807]
Sep 13 18:05:30 localhost kernel: pci 0000:00:03.0: reg 10: [mem 0xfc626800-0xfc62680f 64bit]
Sep 13 18:05:30 localhost kernel: pci 0000:00:03.0: PME# supported from D0 D3hot D3cold
Sep 13 18:05:30 localhost kernel: pci 0000:00:03.0: PME# disabled
Sep 13 18:05:30 localhost kernel: pci 0000:00:03.2: reg 10: [io  0x1828-0x182f]
Sep 13 18:05:30 localhost kernel: pci 0000:00:03.2: reg 14: [io  0x180c-0x180f]
Sep 13 18:05:30 localhost kernel: pci 0000:00:03.2: reg 18: [io  0x1820-0x1827]
Sep 13 18:05:30 localhost kernel: pci 0000:00:03.2: reg 1c: [io  0x1808-0x180b]
Sep 13 18:05:30 localhost kernel: pci 0000:00:03.2: reg 20: [io  0x1810-0x181f]
Sep 13 18:05:30 localhost kernel: pci 0000:00:03.3: reg 10: [io  0x1830-0x1837]
Sep 13 18:05:30 localhost kernel: pci 0000:00:03.3: reg 14: [mem 0xfc624000-0xfc624fff]
Sep 13 18:05:30 localhost kernel: pci 0000:00:19.0: reg 10: [mem 0xfc600000-0xfc61ffff]
Sep 13 18:05:30 localhost kernel: pci 0000:00:19.0: reg 14: [mem 0xfc625000-0xfc625fff]
Sep 13 18:05:30 localhost kernel: pci 0000:00:19.0: reg 18: [io  0x1840-0x185f]
Sep 13 18:05:30 localhost kernel: pci 0000:00:19.0: PME# supported from D0 D3hot D3cold
Sep 13 18:05:30 localhost kernel: pci 0000:00:19.0: PME# disabled
Sep 13 18:05:30 localhost kernel: pci 0000:00:1a.0: reg 20: [io  0x1860-0x187f]
Sep 13 18:05:30 localhost kernel: pci 0000:00:1a.1: reg 20: [io  0x1880-0x189f]
Sep 13 18:05:30 localhost kernel: pci 0000:00:1a.2: reg 20: [io  0x18a0-0x18bf]
Sep 13 18:05:30 localhost kernel: pci 0000:00:1a.7: reg 10: [mem 0xfc626c00-0xfc626fff]
Sep 13 18:05:30 localhost kernel: pci 0000:00:1a.7: PME# supported from D0 D3hot D3cold
Sep 13 18:05:30 localhost kernel: pci 0000:00:1a.7: PME# disabled
Sep 13 18:05:30 localhost kernel: pci 0000:00:1b.0: reg 10: [mem 0xfc620000-0xfc623fff 64bit]
Sep 13 18:05:30 localhost kernel: pci 0000:00:1b.0: PME# supported from D0 D3hot D3cold
Sep 13 18:05:30 localhost kernel: pci 0000:00:1b.0: PME# disabled
Sep 13 18:05:30 localhost kernel: pci 0000:00:1c.0: PME# supported from D0 D3hot D3cold
Sep 13 18:05:30 localhost kernel: pci 0000:00:1c.0: PME# disabled
Sep 13 18:05:30 localhost kernel: pci 0000:00:1c.1: PME# supported from D0 D3hot D3cold
Sep 13 18:05:30 localhost kernel: pci 0000:00:1c.1: PME# disabled
Sep 13 18:05:30 localhost kernel: pci 0000:00:1c.3: PME# supported from D0 D3hot D3cold
Sep 13 18:05:30 localhost kernel: pci 0000:00:1c.3: PME# disabled
Sep 13 18:05:30 localhost kernel: pci 0000:00:1c.4: PME# supported from D0 D3hot D3cold
Sep 13 18:05:30 localhost kernel: pci 0000:00:1c.4: PME# disabled
Sep 13 18:05:30 localhost kernel: pci 0000:00:1d.0: reg 20: [io  0x18c0-0x18df]
Sep 13 18:05:30 localhost kernel: pci 0000:00:1d.1: reg 20: [io  0x18e0-0x18ff]
Sep 13 18:05:30 localhost kernel: pci 0000:00:1d.2: reg 20: [io  0x1c00-0x1c1f]
Sep 13 18:05:30 localhost kernel: pci 0000:00:1d.7: reg 10: [mem 0xfc627000-0xfc6273ff]
Sep 13 18:05:30 localhost kernel: pci 0000:00:1d.7: PME# supported from D0 D3hot D3cold
Sep 13 18:05:30 localhost kernel: pci 0000:00:1d.7: PME# disabled
Sep 13 18:05:30 localhost kernel: pci 0000:00:1f.2: reg 10: [io  0x1c48-0x1c4f]
Sep 13 18:05:30 localhost kernel: pci 0000:00:1f.2: reg 14: [io  0x183c-0x183f]
Sep 13 18:05:30 localhost kernel: pci 0000:00:1f.2: reg 18: [io  0x1c40-0x1c47]
Sep 13 18:05:30 localhost kernel: pci 0000:00:1f.2: reg 1c: [io  0x1838-0x183b]
Sep 13 18:05:30 localhost kernel: pci 0000:00:1f.2: reg 20: [io  0x1c20-0x1c3f]
Sep 13 18:05:30 localhost kernel: pci 0000:00:1f.2: reg 24: [mem 0xfc626000-0xfc6267ff]
Sep 13 18:05:30 localhost kernel: pci 0000:00:1f.2: PME# supported from D3hot
Sep 13 18:05:30 localhost kernel: pci 0000:00:1f.2: PME# disabled
Sep 13 18:05:30 localhost kernel: pci 0000:00:1f.3: reg 10: [mem 0xfc627400-0xfc6274ff 64bit]
Sep 13 18:05:30 localhost kernel: pci 0000:00:1f.3: reg 20: [io  0x1c60-0x1c7f]
Sep 13 18:05:30 localhost kernel: pci 0000:01:00.0: reg 10: [mem 0xc0000000-0xcfffffff pref]
Sep 13 18:05:30 localhost kernel: pci 0000:01:00.0: reg 14: [io  0x2000-0x20ff]
Sep 13 18:05:30 localhost kernel: pci 0000:01:00.0: reg 18: [mem 0xbfff0000-0xbfffffff]
Sep 13 18:05:30 localhost kernel: pci 0000:01:00.0: reg 30: [mem 0x00000000-0x0001ffff pref]
Sep 13 18:05:30 localhost kernel: pci 0000:01:00.0: supports D1 D2
Sep 13 18:05:30 localhost kernel: pci 0000:00:01.0: PCI bridge to [bus 01-01]
Sep 13 18:05:30 localhost kernel: pci 0000:00:01.0:   bridge window [io  0x2000-0x2fff]
Sep 13 18:05:30 localhost kernel: pci 0000:00:01.0:   bridge window [mem 0xbff00000-0xbfffffff]
Sep 13 18:05:30 localhost kernel: pci 0000:00:01.0:   bridge window [mem 0xc0000000-0xcfffffff 64bit pref]
Sep 13 18:05:30 localhost kernel: pci 0000:00:1c.0: PCI bridge to [bus 02-02]
Sep 13 18:05:30 localhost kernel: pci 0000:00:1c.0:   bridge window [io  0xf000-0x0000] (disabled)
Sep 13 18:05:30 localhost kernel: pci 0000:00:1c.0:   bridge window [mem 0xfff00000-0x000fffff] (disabled)
Sep 13 18:05:30 localhost kernel: pci 0000:00:1c.0:   bridge window [mem 0xfff00000-0x000fffff pref] (disabled)
Sep 13 18:05:30 localhost kernel: pci 0000:03:00.0: reg 10: [io  0x3000-0x30ff]
Sep 13 18:05:30 localhost kernel: pci 0000:03:00.0: reg 14: [mem 0xf4200000-0xf4203fff]
Sep 13 18:05:30 localhost kernel: pci 0000:03:00.0: supports D1 D2
Sep 13 18:05:30 localhost kernel: pci 0000:03:00.0: PME# supported from D0 D1 D2 D3hot
Sep 13 18:05:30 localhost kernel: pci 0000:03:00.0: PME# disabled
Sep 13 18:05:30 localhost kernel: pci 0000:00:1c.1: PCI bridge to [bus 03-03]
Sep 13 18:05:30 localhost kernel: pci 0000:00:1c.1:   bridge window [io  0x3000-0x3fff]
Sep 13 18:05:30 localhost kernel: pci 0000:00:1c.1:   bridge window [mem 0xf4200000-0xf42fffff]
Sep 13 18:05:30 localhost kernel: pci 0000:00:1c.1:   bridge window [mem 0xfff00000-0x000fffff pref] (disabled)
Sep 13 18:05:30 localhost kernel: pci 0000:00:1c.3: PCI bridge to [bus 05-0c]
Sep 13 18:05:30 localhost kernel: pci 0000:00:1c.3:   bridge window [io  0x4000-0x4fff]
Sep 13 18:05:30 localhost kernel: pci 0000:00:1c.3:   bridge window [mem 0xf8000000-0xf9ffffff]
Sep 13 18:05:30 localhost kernel: pci 0000:00:1c.3:   bridge window [mem 0xf4000000-0xf40fffff 64bit pref]
Sep 13 18:05:30 localhost kernel: pci 0000:00:1c.4: PCI bridge to [bus 0d-14]
Sep 13 18:05:30 localhost kernel: pci 0000:00:1c.4:   bridge window [io  0x5000-0x5fff]
Sep 13 18:05:30 localhost kernel: pci 0000:00:1c.4:   bridge window [mem 0xfa000000-0xfbffffff]
Sep 13 18:05:30 localhost kernel: pci 0000:00:1c.4:   bridge window [mem 0xf4100000-0xf41fffff 64bit pref]
Sep 13 18:05:30 localhost kernel: pci 0000:15:00.0: proprietary Ricoh MMC controller disabled (via cardbus function)
Sep 13 18:05:30 localhost kernel: pci 0000:15:00.0: MMC cards are now supported by standard SDHCI controller
Sep 13 18:05:30 localhost kernel: pci 0000:15:00.0: reg 10: [mem 0xf4300000-0xf4300fff]
Sep 13 18:05:30 localhost kernel: pci 0000:15:00.0: supports D1 D2
Sep 13 18:05:30 localhost kernel: pci 0000:15:00.0: PME# supported from D0 D1 D2 D3hot D3cold
Sep 13 18:05:30 localhost kernel: pci 0000:15:00.0: PME# disabled
Sep 13 18:05:30 localhost kernel: pci 0000:15:00.1: reg 10: [mem 0xf4301000-0xf43017ff]
Sep 13 18:05:30 localhost kernel: pci 0000:15:00.1: supports D1 D2
Sep 13 18:05:30 localhost kernel: pci 0000:15:00.1: PME# supported from D0 D1 D2 D3hot D3cold
Sep 13 18:05:30 localhost kernel: pci 0000:15:00.1: PME# disabled
Sep 13 18:05:30 localhost kernel: pci 0000:15:00.2: reg 10: [mem 0xf4301800-0xf43018ff]
Sep 13 18:05:30 localhost kernel: pci 0000:15:00.2: supports D1 D2
Sep 13 18:05:30 localhost kernel: pci 0000:15:00.2: PME# supported from D0 D1 D2 D3hot D3cold
Sep 13 18:05:30 localhost kernel: pci 0000:15:00.2: PME# disabled
Sep 13 18:05:30 localhost kernel: pci 0000:15:00.4: reg 10: [mem 0xf4302000-0xf43020ff]
Sep 13 18:05:30 localhost kernel: pci 0000:15:00.4: supports D1 D2
Sep 13 18:05:30 localhost kernel: pci 0000:15:00.4: PME# supported from D0 D1 D2 D3hot D3cold
Sep 13 18:05:30 localhost kernel: pci 0000:15:00.4: PME# disabled
Sep 13 18:05:30 localhost kernel: pci 0000:15:00.5: reg 10: [mem 0xf4302400-0xf43024ff]
Sep 13 18:05:30 localhost kernel: pci 0000:15:00.5: supports D1 D2
Sep 13 18:05:30 localhost kernel: pci 0000:15:00.5: PME# supported from D0 D1 D2 D3hot D3cold
Sep 13 18:05:30 localhost kernel: pci 0000:15:00.5: PME# disabled
Sep 13 18:05:30 localhost kernel: pci 0000:00:1e.0: PCI bridge to [bus 15-18] (subtractive decode)
Sep 13 18:05:30 localhost kernel: pci 0000:00:1e.0:   bridge window [io  0x6000-0x9fff]
Sep 13 18:05:30 localhost kernel: pci 0000:00:1e.0:   bridge window [mem 0xf4300000-0xf7ffffff]
Sep 13 18:05:30 localhost kernel: pci 0000:00:1e.0:   bridge window [mem 0xf0000000-0xf3ffffff 64bit pref]
Sep 13 18:05:30 localhost kernel: pci 0000:00:1e.0:   bridge window [io  0x0000-0x0cf7] (subtractive decode)
Sep 13 18:05:30 localhost kernel: pci 0000:00:1e.0:   bridge window [io  0x0d00-0xffff] (subtractive decode)
Sep 13 18:05:30 localhost kernel: pci 0000:00:1e.0:   bridge window [mem 0x000a0000-0x000bffff] (subtractive decode)
Sep 13 18:05:30 localhost kernel: pci 0000:00:1e.0:   bridge window [mem 0x000d4000-0x000d7fff] (subtractive decode)
Sep 13 18:05:30 localhost kernel: pci 0000:00:1e.0:   bridge window [mem 0x000d8000-0x000dbfff] (subtractive decode)
Sep 13 18:05:30 localhost kernel: pci 0000:00:1e.0:   bridge window [mem 0xa0000000-0xfebfffff] (subtractive decode)
Sep 13 18:05:30 localhost kernel: pci_bus 0000:00: on NUMA node 0
Sep 13 18:05:30 localhost kernel: ACPI: PCI Interrupt Routing Table [\_SB_.PCI0._PRT]
Sep 13 18:05:30 localhost kernel: ACPI: PCI Interrupt Routing Table [\_SB_.PCI0.AGP_._PRT]
Sep 13 18:05:30 localhost kernel: ACPI: PCI Interrupt Routing Table [\_SB_.PCI0.EXP0._PRT]
Sep 13 18:05:30 localhost kernel: ACPI: PCI Interrupt Routing Table [\_SB_.PCI0.EXP1._PRT]
Sep 13 18:05:30 localhost kernel: ACPI: PCI Interrupt Routing Table [\_SB_.PCI0.EXP3._PRT]
Sep 13 18:05:30 localhost kernel: ACPI: PCI Interrupt Routing Table [\_SB_.PCI0.EXP4._PRT]
Sep 13 18:05:30 localhost kernel: ACPI: PCI Interrupt Routing Table [\_SB_.PCI0.PCI1._PRT]
Sep 13 18:05:30 localhost kernel: ACPI: PCI Interrupt Link [LNKA] (IRQs 3 4 5 6 7 9 10 *11)
Sep 13 18:05:30 localhost kernel: ACPI: PCI Interrupt Link [LNKB] (IRQs 3 4 5 6 7 9 10 *11)
Sep 13 18:05:30 localhost kernel: ACPI: PCI Interrupt Link [LNKC] (IRQs 3 4 5 6 7 9 10 *11)
Sep 13 18:05:30 localhost kernel: ACPI: PCI Interrupt Link [LNKD] (IRQs 3 4 5 6 7 9 10 *11)
Sep 13 18:05:30 localhost kernel: ACPI: PCI Interrupt Link [LNKE] (IRQs 3 4 5 6 7 9 10 *11)
Sep 13 18:05:30 localhost kernel: ACPI: PCI Interrupt Link [LNKF] (IRQs 3 4 5 6 7 9 10 *11)
Sep 13 18:05:30 localhost kernel: ACPI: PCI Interrupt Link [LNKG] (IRQs 3 4 5 6 7 9 10 *11)
Sep 13 18:05:30 localhost kernel: ACPI: PCI Interrupt Link [LNKH] (IRQs 3 4 5 6 7 9 10 *11)
Sep 13 18:05:30 localhost kernel: HEST: Table is not found!
Sep 13 18:05:30 localhost kernel: vgaarb: device added: PCI:0000:00:02.0,decodes=io+mem,owns=io+mem,locks=none
Sep 13 18:05:30 localhost kernel: vgaarb: device added: PCI:0000:01:00.0,decodes=io+mem,owns=none,locks=none
Sep 13 18:05:30 localhost kernel: vgaarb: loaded
Sep 13 18:05:30 localhost kernel: PCI: Using ACPI for IRQ routing
Sep 13 18:05:30 localhost kernel: PCI: pci_cache_line_size set to 64 bytes
Sep 13 18:05:30 localhost kernel: reserve RAM buffer: 000000000009ec00 - 000000000009ffff 
Sep 13 18:05:30 localhost kernel: reserve RAM buffer: 000000009d6a1000 - 000000009fffffff 
Sep 13 18:05:30 localhost kernel: reserve RAM buffer: 000000009d7b7000 - 000000009fffffff 
Sep 13 18:05:30 localhost kernel: reserve RAM buffer: 000000009d8c7000 - 000000009fffffff 
Sep 13 18:05:30 localhost kernel: reserve RAM buffer: 000000009dc00000 - 000000009fffffff 
Sep 13 18:05:30 localhost kernel: NetLabel: Initializing
Sep 13 18:05:30 localhost kernel: NetLabel:  domain hash size = 128
Sep 13 18:05:30 localhost kernel: NetLabel:  protocols = UNLABELED CIPSOv4
Sep 13 18:05:30 localhost kernel: NetLabel:  unlabeled traffic allowed by default
Sep 13 18:05:30 localhost kernel: HPET: 4 timers in total, 0 timers will be used for per-cpu timer
Sep 13 18:05:30 localhost kernel: hpet0: at MMIO 0xfed00000, IRQs 2, 8, 0, 0
Sep 13 18:05:30 localhost kernel: hpet0: 4 comparators, 64-bit 14.318180 MHz counter
Sep 13 18:05:30 localhost kernel: Switching to clocksource tsc
Sep 13 18:05:30 localhost kernel: pnp: PnP ACPI init
Sep 13 18:05:30 localhost kernel: ACPI: bus type pnp registered
Sep 13 18:05:30 localhost kernel: pnp: PnP ACPI: found 10 devices
Sep 13 18:05:30 localhost kernel: ACPI: ACPI bus type pnp unregistered
Sep 13 18:05:30 localhost kernel: system 00:00: [mem 0x00000000-0x0009ffff] could not be reserved
Sep 13 18:05:30 localhost kernel: system 00:00: [mem 0x000c0000-0x000c3fff] has been reserved
Sep 13 18:05:30 localhost kernel: system 00:00: [mem 0x000c4000-0x000c7fff] has been reserved
Sep 13 18:05:30 localhost kernel: system 00:00: [mem 0x000c8000-0x000cbfff] has been reserved
Sep 13 18:05:30 localhost kernel: system 00:00: [mem 0x000cc000-0x000cffff] has been reserved
Sep 13 18:05:30 localhost kernel: system 00:00: [mem 0x000d0000-0x000d3fff] has been reserved
Sep 13 18:05:30 localhost kernel: system 00:00: [mem 0x000dc000-0x000dffff] could not be reserved
Sep 13 18:05:30 localhost kernel: system 00:00: [mem 0x000e0000-0x000e3fff] could not be reserved
Sep 13 18:05:30 localhost kernel: system 00:00: [mem 0x000e4000-0x000e7fff] could not be reserved
Sep 13 18:05:30 localhost kernel: system 00:00: [mem 0x000e8000-0x000ebfff] could not be reserved
Sep 13 18:05:30 localhost kernel: system 00:00: [mem 0x000ec000-0x000effff] could not be reserved
Sep 13 18:05:30 localhost kernel: system 00:00: [mem 0x000f0000-0x000fffff] could not be reserved
Sep 13 18:05:30 localhost kernel: system 00:00: [mem 0x00100000-0x9fffffff] could not be reserved
Sep 13 18:05:30 localhost kernel: system 00:00: [mem 0xfec00000-0xfed3ffff] could not be reserved
Sep 13 18:05:30 localhost kernel: system 00:00: [mem 0xfed4c000-0xffffffff] could not be reserved
Sep 13 18:05:30 localhost kernel: system 00:02: [io  0x1000-0x107f] has been reserved
Sep 13 18:05:30 localhost kernel: system 00:02: [io  0x1180-0x11ff] has been reserved
Sep 13 18:05:30 localhost kernel: system 00:02: [io  0x0800-0x080f] has been reserved
Sep 13 18:05:30 localhost kernel: system 00:02: [io  0x15e0-0x15ef] has been reserved
Sep 13 18:05:30 localhost kernel: system 00:02: [io  0x1600-0x167f] has been reserved
Sep 13 18:05:30 localhost kernel: system 00:02: [io  0x1680-0x169f] has been reserved
Sep 13 18:05:30 localhost kernel: system 00:02: [mem 0xe0000000-0xefffffff] has been reserved
Sep 13 18:05:30 localhost kernel: system 00:02: [mem 0xfed1c000-0xfed1ffff] has been reserved
Sep 13 18:05:30 localhost kernel: system 00:02: [mem 0xfed10000-0xfed13fff] has been reserved
Sep 13 18:05:30 localhost kernel: system 00:02: [mem 0xfed18000-0xfed18fff] has been reserved
Sep 13 18:05:30 localhost kernel: system 00:02: [mem 0xfed19000-0xfed19fff] has been reserved
Sep 13 18:05:30 localhost kernel: system 00:02: [mem 0xfed45000-0xfed4bfff] has been reserved
Sep 13 18:05:30 localhost kernel: pci 0000:00:1c.0: BAR 14: assigned [mem 0xa0000000-0xa01fffff]
Sep 13 18:05:30 localhost kernel: pci 0000:00:1c.0: BAR 15: assigned [mem 0xa0200000-0xa03fffff 64bit pref]
Sep 13 18:05:30 localhost kernel: pci 0000:00:1c.1: BAR 15: assigned [mem 0xa0400000-0xa05fffff 64bit pref]
Sep 13 18:05:30 localhost kernel: pci 0000:00:1c.0: BAR 13: assigned [io  0xa000-0xafff]
Sep 13 18:05:30 localhost kernel: pci 0000:01:00.0: BAR 6: assigned [mem 0xbff00000-0xbff1ffff pref]
Sep 13 18:05:30 localhost kernel: pci 0000:00:01.0: PCI bridge to [bus 01-01]
Sep 13 18:05:30 localhost kernel: pci 0000:00:01.0:   bridge window [io  0x2000-0x2fff]
Sep 13 18:05:30 localhost kernel: pci 0000:00:01.0:   bridge window [mem 0xbff00000-0xbfffffff]
Sep 13 18:05:30 localhost kernel: pci 0000:00:01.0:   bridge window [mem 0xc0000000-0xcfffffff 64bit pref]
Sep 13 18:05:30 localhost kernel: pci 0000:00:1c.0: PCI bridge to [bus 02-02]
Sep 13 18:05:30 localhost kernel: pci 0000:00:1c.0:   bridge window [io  0xa000-0xafff]
Sep 13 18:05:30 localhost kernel: pci 0000:00:1c.0:   bridge window [mem 0xa0000000-0xa01fffff]
Sep 13 18:05:30 localhost kernel: pci 0000:00:1c.0:   bridge window [mem 0xa0200000-0xa03fffff 64bit pref]
Sep 13 18:05:30 localhost kernel: pci 0000:00:1c.1: PCI bridge to [bus 03-03]
Sep 13 18:05:30 localhost kernel: pci 0000:00:1c.1:   bridge window [io  0x3000-0x3fff]
Sep 13 18:05:30 localhost kernel: pci 0000:00:1c.1:   bridge window [mem 0xf4200000-0xf42fffff]
Sep 13 18:05:30 localhost kernel: pci 0000:00:1c.1:   bridge window [mem 0xa0400000-0xa05fffff 64bit pref]
Sep 13 18:05:30 localhost kernel: pci 0000:00:1c.3: PCI bridge to [bus 05-0c]
Sep 13 18:05:30 localhost kernel: pci 0000:00:1c.3:   bridge window [io  0x4000-0x4fff]
Sep 13 18:05:30 localhost kernel: pci 0000:00:1c.3:   bridge window [mem 0xf8000000-0xf9ffffff]
Sep 13 18:05:30 localhost kernel: pci 0000:00:1c.3:   bridge window [mem 0xf4000000-0xf40fffff 64bit pref]
Sep 13 18:05:30 localhost kernel: pci 0000:00:1c.4: PCI bridge to [bus 0d-14]
Sep 13 18:05:30 localhost kernel: pci 0000:00:1c.4:   bridge window [io  0x5000-0x5fff]
Sep 13 18:05:30 localhost kernel: pci 0000:00:1c.4:   bridge window [mem 0xfa000000-0xfbffffff]
Sep 13 18:05:30 localhost kernel: pci 0000:00:1c.4:   bridge window [mem 0xf4100000-0xf41fffff 64bit pref]
Sep 13 18:05:30 localhost kernel: pci 0000:15:00.0: BAR 15: assigned [mem 0xf0000000-0xf3ffffff pref]
Sep 13 18:05:30 localhost kernel: pci 0000:15:00.0: BAR 16: assigned [mem 0xa4000000-0xa7ffffff]
Sep 13 18:05:30 localhost kernel: pci 0000:15:00.0: BAR 13: assigned [io  0x6000-0x60ff]
Sep 13 18:05:30 localhost kernel: pci 0000:15:00.0: BAR 14: assigned [io  0x6400-0x64ff]
Sep 13 18:05:30 localhost kernel: pci 0000:15:00.0: CardBus bridge to [bus 16-17]
Sep 13 18:05:30 localhost kernel: pci 0000:15:00.0:   bridge window [io  0x6000-0x60ff]
Sep 13 18:05:30 localhost kernel: pci 0000:15:00.0:   bridge window [io  0x6400-0x64ff]
Sep 13 18:05:30 localhost kernel: pci 0000:15:00.0:   bridge window [mem 0xf0000000-0xf3ffffff pref]
Sep 13 18:05:30 localhost kernel: pci 0000:15:00.0:   bridge window [mem 0xa4000000-0xa7ffffff]
Sep 13 18:05:30 localhost kernel: pci 0000:00:1e.0: PCI bridge to [bus 15-18]
Sep 13 18:05:30 localhost kernel: pci 0000:00:1e.0:   bridge window [io  0x6000-0x9fff]
Sep 13 18:05:30 localhost kernel: pci 0000:00:1e.0:   bridge window [mem 0xf4300000-0xf7ffffff]
Sep 13 18:05:30 localhost kernel: pci 0000:00:1e.0:   bridge window [mem 0xf0000000-0xf3ffffff 64bit pref]
Sep 13 18:05:30 localhost kernel: pci 0000:00:01.0: enabling device (0106 -> 0107)
Sep 13 18:05:30 localhost kernel: pci 0000:00:01.0: PCI INT A -> GSI 16 (level, low) -> IRQ 16
Sep 13 18:05:30 localhost kernel: pci 0000:00:01.0: setting latency timer to 64
Sep 13 18:05:30 localhost kernel: pci 0000:00:1c.0: PCI INT A -> GSI 20 (level, low) -> IRQ 20
Sep 13 18:05:30 localhost kernel: pci 0000:00:1c.0: setting latency timer to 64
Sep 13 18:05:30 localhost kernel: pci 0000:00:1c.1: PCI INT B -> GSI 21 (level, low) -> IRQ 21
Sep 13 18:05:30 localhost kernel: pci 0000:00:1c.1: setting latency timer to 64
Sep 13 18:05:30 localhost kernel: pci 0000:00:1c.3: PCI INT D -> GSI 23 (level, low) -> IRQ 23
Sep 13 18:05:30 localhost kernel: pci 0000:00:1c.3: setting latency timer to 64
Sep 13 18:05:30 localhost kernel: pci 0000:00:1c.4: PCI INT A -> GSI 20 (level, low) -> IRQ 20
Sep 13 18:05:30 localhost kernel: pci 0000:00:1c.4: setting latency timer to 64
Sep 13 18:05:30 localhost kernel: pci 0000:00:1e.0: setting latency timer to 64
Sep 13 18:05:30 localhost kernel: pci 0000:15:00.0: PCI INT A -> GSI 16 (level, low) -> IRQ 16
Sep 13 18:05:30 localhost kernel: pci_bus 0000:00: resource 4 [io  0x0000-0x0cf7]
Sep 13 18:05:30 localhost kernel: pci_bus 0000:00: resource 5 [io  0x0d00-0xffff]
Sep 13 18:05:30 localhost kernel: pci_bus 0000:00: resource 6 [mem 0x000a0000-0x000bffff]
Sep 13 18:05:30 localhost kernel: pci_bus 0000:00: resource 7 [mem 0x000d4000-0x000d7fff]
Sep 13 18:05:30 localhost kernel: pci_bus 0000:00: resource 8 [mem 0x000d8000-0x000dbfff]
Sep 13 18:05:30 localhost kernel: pci_bus 0000:00: resource 9 [mem 0xa0000000-0xfebfffff]
Sep 13 18:05:30 localhost kernel: pci_bus 0000:01: resource 0 [io  0x2000-0x2fff]
Sep 13 18:05:30 localhost kernel: pci_bus 0000:01: resource 1 [mem 0xbff00000-0xbfffffff]
Sep 13 18:05:30 localhost kernel: pci_bus 0000:01: resource 2 [mem 0xc0000000-0xcfffffff 64bit pref]
Sep 13 18:05:30 localhost kernel: pci_bus 0000:02: resource 0 [io  0xa000-0xafff]
Sep 13 18:05:30 localhost kernel: pci_bus 0000:02: resource 1 [mem 0xa0000000-0xa01fffff]
Sep 13 18:05:30 localhost kernel: pci_bus 0000:02: resource 2 [mem 0xa0200000-0xa03fffff 64bit pref]
Sep 13 18:05:30 localhost kernel: pci_bus 0000:03: resource 0 [io  0x3000-0x3fff]
Sep 13 18:05:30 localhost kernel: pci_bus 0000:03: resource 1 [mem 0xf4200000-0xf42fffff]
Sep 13 18:05:30 localhost kernel: pci_bus 0000:03: resource 2 [mem 0xa0400000-0xa05fffff 64bit pref]
Sep 13 18:05:30 localhost kernel: pci_bus 0000:05: resource 0 [io  0x4000-0x4fff]
Sep 13 18:05:30 localhost kernel: pci_bus 0000:05: resource 1 [mem 0xf8000000-0xf9ffffff]
Sep 13 18:05:30 localhost kernel: pci_bus 0000:05: resource 2 [mem 0xf4000000-0xf40fffff 64bit pref]
Sep 13 18:05:30 localhost kernel: pci_bus 0000:0d: resource 0 [io  0x5000-0x5fff]
Sep 13 18:05:30 localhost kernel: pci_bus 0000:0d: resource 1 [mem 0xfa000000-0xfbffffff]
Sep 13 18:05:30 localhost kernel: pci_bus 0000:0d: resource 2 [mem 0xf4100000-0xf41fffff 64bit pref]
Sep 13 18:05:30 localhost kernel: pci_bus 0000:15: resource 0 [io  0x6000-0x9fff]
Sep 13 18:05:30 localhost kernel: pci_bus 0000:15: resource 1 [mem 0xf4300000-0xf7ffffff]
Sep 13 18:05:30 localhost kernel: pci_bus 0000:15: resource 2 [mem 0xf0000000-0xf3ffffff 64bit pref]
Sep 13 18:05:30 localhost kernel: pci_bus 0000:15: resource 4 [io  0x0000-0x0cf7]
Sep 13 18:05:30 localhost kernel: pci_bus 0000:15: resource 5 [io  0x0d00-0xffff]
Sep 13 18:05:30 localhost kernel: pci_bus 0000:15: resource 6 [mem 0x000a0000-0x000bffff]
Sep 13 18:05:30 localhost kernel: pci_bus 0000:15: resource 7 [mem 0x000d4000-0x000d7fff]
Sep 13 18:05:30 localhost kernel: pci_bus 0000:15: resource 8 [mem 0x000d8000-0x000dbfff]
Sep 13 18:05:30 localhost kernel: pci_bus 0000:15: resource 9 [mem 0xa0000000-0xfebfffff]
Sep 13 18:05:30 localhost kernel: pci_bus 0000:16: resource 0 [io  0x6000-0x60ff]
Sep 13 18:05:30 localhost kernel: pci_bus 0000:16: resource 1 [io  0x6400-0x64ff]
Sep 13 18:05:30 localhost kernel: pci_bus 0000:16: resource 2 [mem 0xf0000000-0xf3ffffff pref]
Sep 13 18:05:30 localhost kernel: pci_bus 0000:16: resource 3 [mem 0xa4000000-0xa7ffffff]
Sep 13 18:05:30 localhost kernel: NET: Registered protocol family 2
Sep 13 18:05:30 localhost kernel: IP route cache hash table entries: 262144 (order: 9, 2097152 bytes)
Sep 13 18:05:30 localhost kernel: TCP established hash table entries: 262144 (order: 10, 4194304 bytes)
Sep 13 18:05:30 localhost kernel: TCP bind hash table entries: 65536 (order: 8, 1048576 bytes)
Sep 13 18:05:30 localhost kernel: TCP: Hash tables configured (established 262144 bind 65536)
Sep 13 18:05:30 localhost kernel: TCP reno registered
Sep 13 18:05:30 localhost kernel: UDP hash table entries: 4096 (order: 5, 131072 bytes)
Sep 13 18:05:30 localhost kernel: UDP-Lite hash table entries: 4096 (order: 5, 131072 bytes)
Sep 13 18:05:30 localhost kernel: NET: Registered protocol family 1
Sep 13 18:05:30 localhost kernel: pci 0000:00:02.0: Boot video device
Sep 13 18:05:30 localhost kernel: PCI: CLS 64 bytes, default 64
Sep 13 18:05:30 localhost kernel: Unpacking initramfs...
Sep 13 18:05:30 localhost kernel: Freeing initrd memory: 1644k freed
Sep 13 18:05:30 localhost kernel: PCI-DMA: Using software bounce buffering for IO (SWIOTLB)
Sep 13 18:05:30 localhost kernel: Placing 64MB software IO TLB between ffff880007e00000 - ffff88000be00000
Sep 13 18:05:30 localhost kernel: software IO TLB at phys 0x7e00000 - 0xbe00000
Sep 13 18:05:30 localhost kernel: Simple Boot Flag at 0x35 set to 0x1
Sep 13 18:05:30 localhost kernel: Scanning for low memory corruption every 60 seconds
Sep 13 18:05:30 localhost kernel: audit: initializing netlink socket (disabled)
Sep 13 18:05:30 localhost kernel: type=2000 audit(1284415517.583:1): initialized
Sep 13 18:05:30 localhost kernel: VFS: Disk quotas dquot_6.5.2
Sep 13 18:05:30 localhost kernel: Dquot-cache hash table entries: 512 (order 0, 4096 bytes)
Sep 13 18:05:30 localhost kernel: msgmni has been set to 11739
Sep 13 18:05:30 localhost kernel: alg: No test for stdrng (krng)
Sep 13 18:05:30 localhost kernel: Block layer SCSI generic (bsg) driver version 0.4 loaded (major 254)
Sep 13 18:05:30 localhost kernel: io scheduler noop registered
Sep 13 18:05:30 localhost kernel: io scheduler deadline registered
Sep 13 18:05:30 localhost kernel: io scheduler cfq registered (default)
Sep 13 18:05:30 localhost kernel: pcieport 0000:00:01.0: setting latency timer to 64
Sep 13 18:05:30 localhost kernel: pcieport 0000:00:01.0: irq 40 for MSI/MSI-X
Sep 13 18:05:30 localhost kernel: pcieport 0000:00:1c.0: setting latency timer to 64
Sep 13 18:05:30 localhost kernel: pcieport 0000:00:1c.0: irq 41 for MSI/MSI-X
Sep 13 18:05:30 localhost kernel: pcieport 0000:00:1c.1: setting latency timer to 64
Sep 13 18:05:30 localhost kernel: pcieport 0000:00:1c.1: irq 42 for MSI/MSI-X
Sep 13 18:05:30 localhost kernel: pcieport 0000:00:1c.3: setting latency timer to 64
Sep 13 18:05:30 localhost kernel: pcieport 0000:00:1c.3: irq 43 for MSI/MSI-X
Sep 13 18:05:30 localhost kernel: pcieport 0000:00:1c.4: setting latency timer to 64
Sep 13 18:05:30 localhost kernel: pcieport 0000:00:1c.4: irq 44 for MSI/MSI-X
Sep 13 18:05:30 localhost kernel: ERST: Table is not found!
Sep 13 18:05:30 localhost kernel: Linux agpgart interface v0.103
Sep 13 18:05:30 localhost kernel: Serial: 8250/16550 driver, 4 ports, IRQ sharing disabled
Sep 13 18:05:30 localhost kernel: serial 0000:00:03.3: PCI INT B -> GSI 17 (level, low) -> IRQ 17
Sep 13 18:05:30 localhost kernel: 0000:00:03.3: ttyS0 at I/O 0x1830 (irq = 17) is a 16550A
Sep 13 18:05:30 localhost kernel: PNP: PS/2 Controller [PNP0303:KBD,PNP0f13:MOU] at 0x60,0x64 irq 1,12
Sep 13 18:05:30 localhost kernel: serio: i8042 KBD port at 0x60,0x64 irq 1
Sep 13 18:05:30 localhost kernel: serio: i8042 AUX port at 0x60,0x64 irq 12
Sep 13 18:05:30 localhost kernel: mice: PS/2 mouse device common for all mice
Sep 13 18:05:30 localhost kernel: cpuidle: using governor ladder
Sep 13 18:05:30 localhost kernel: cpuidle: using governor menu
Sep 13 18:05:30 localhost kernel: TCP cubic registered
Sep 13 18:05:30 localhost kernel: NET: Registered protocol family 17
Sep 13 18:05:30 localhost kernel: PM: Resume from disk failed.
Sep 13 18:05:30 localhost kernel: registered taskstats version 1
Sep 13 18:05:30 localhost kernel: Initalizing network drop monitor service
Sep 13 18:05:30 localhost kernel: Freeing unused kernel memory: 488k freed
Sep 13 18:05:30 localhost kernel: input: AT Translated Set 2 keyboard as /devices/platform/i8042/serio0/input/input0
Sep 13 18:05:30 localhost kernel: udev: starting version 161
Sep 13 18:05:30 localhost kernel: SCSI subsystem initialized
Sep 13 18:05:30 localhost kernel: libata version 3.00 loaded.
Sep 13 18:05:30 localhost kernel: pata_acpi 0000:00:03.2: PCI INT C -> GSI 18 (level, low) -> IRQ 18
Sep 13 18:05:30 localhost kernel: pata_acpi 0000:00:03.2: setting latency timer to 64
Sep 13 18:05:30 localhost kernel: pata_acpi 0000:00:03.2: PCI INT C disabled
Sep 13 18:05:30 localhost kernel: ahci 0000:00:1f.2: version 3.0
Sep 13 18:05:30 localhost kernel: ahci 0000:00:1f.2: PCI INT B -> GSI 16 (level, low) -> IRQ 16
Sep 13 18:05:30 localhost kernel: ahci 0000:00:1f.2: irq 45 for MSI/MSI-X
Sep 13 18:05:30 localhost kernel: ahci: SSS flag set, parallel bus scan disabled
Sep 13 18:05:30 localhost kernel: ahci 0000:00:1f.2: AHCI 0001.0200 32 slots 4 ports 3 Gbps 0x3 impl SATA mode
Sep 13 18:05:30 localhost kernel: ahci 0000:00:1f.2: flags: 64bit ncq sntf stag pm led clo pio slum part ccc sxs 
Sep 13 18:05:30 localhost kernel: ahci 0000:00:1f.2: setting latency timer to 64
Sep 13 18:05:30 localhost kernel: scsi0 : ahci
Sep 13 18:05:30 localhost kernel: scsi1 : ahci
Sep 13 18:05:30 localhost kernel: scsi2 : ahci
Sep 13 18:05:30 localhost kernel: scsi3 : ahci
Sep 13 18:05:30 localhost kernel: ata1: SATA max UDMA/133 abar m2048@0xfc626000 port 0xfc626100 irq 45
Sep 13 18:05:30 localhost kernel: ata2: SATA max UDMA/133 irq_stat 0x00000040, connection status changed irq 45
Sep 13 18:05:30 localhost kernel: ata3: DUMMY
Sep 13 18:05:30 localhost kernel: ata4: DUMMY
Sep 13 18:05:30 localhost kernel: ata1: SATA link up 3.0 Gbps (SStatus 123 SControl 300)
Sep 13 18:05:30 localhost kernel: ata1.00: ACPI cmd ef/02:00:00:00:00:a0 (SET FEATURES) succeeded
Sep 13 18:05:30 localhost kernel: ata1.00: ACPI cmd f5/00:00:00:00:00:a0 (SECURITY FREEZE LOCK) filtered out
Sep 13 18:05:30 localhost kernel: ata1.00: ACPI cmd ef/10:03:00:00:00:a0 (SET FEATURES) filtered out
Sep 13 18:05:30 localhost kernel: ata1.00: ATA-8: WDC WD3200BEVT-11ZCT0, 11.01A11, max UDMA/133
Sep 13 18:05:30 localhost kernel: ata1.00: 625142448 sectors, multi 16: LBA48 NCQ (depth 31/32), AA
Sep 13 18:05:30 localhost kernel: ata1.00: ACPI cmd ef/02:00:00:00:00:a0 (SET FEATURES) succeeded
Sep 13 18:05:30 localhost kernel: ata1.00: ACPI cmd f5/00:00:00:00:00:a0 (SECURITY FREEZE LOCK) filtered out
Sep 13 18:05:30 localhost kernel: ata1.00: ACPI cmd ef/10:03:00:00:00:a0 (SET FEATURES) filtered out
Sep 13 18:05:30 localhost kernel: ata1.00: configured for UDMA/133
Sep 13 18:05:30 localhost kernel: ata1.00: configured for UDMA/133
Sep 13 18:05:30 localhost kernel: ata1: EH complete
Sep 13 18:05:30 localhost kernel: scsi 0:0:0:0: Direct-Access     ATA      WDC WD3200BEVT-1 11.0 PQ: 0 ANSI: 5
Sep 13 18:05:30 localhost kernel: ata2: SATA link up 1.5 Gbps (SStatus 113 SControl 300)
Sep 13 18:05:30 localhost kernel: ata2.00: ACPI cmd e3/00:1f:00:00:00:a0 (IDLE) succeeded
Sep 13 18:05:30 localhost kernel: ata2.00: ACPI cmd e3/00:02:00:00:00:a0 (IDLE) succeeded
Sep 13 18:05:30 localhost kernel: ata2.00: ATAPI: HL-DT-ST DVDRAM GSA-U20N, HX12, max UDMA/133
Sep 13 18:05:30 localhost kernel: ata2.00: ACPI cmd e3/00:1f:00:00:00:a0 (IDLE) succeeded
Sep 13 18:05:30 localhost kernel: ata2.00: ACPI cmd e3/00:02:00:00:00:a0 (IDLE) succeeded
Sep 13 18:05:30 localhost kernel: ata2.00: configured for UDMA/133
Sep 13 18:05:30 localhost kernel: scsi 1:0:0:0: CD-ROM            HL-DT-ST DVDRAM GSA-U20N  HX12 PQ: 0 ANSI: 5
Sep 13 18:05:30 localhost kernel: sd 0:0:0:0: [sda] 625142448 512-byte logical blocks: (320 GB/298 GiB)
Sep 13 18:05:30 localhost kernel: sd 0:0:0:0: [sda] Write Protect is off
Sep 13 18:05:30 localhost kernel: sd 0:0:0:0: [sda] Mode Sense: 00 3a 00 00
Sep 13 18:05:30 localhost kernel: sd 0:0:0:0: [sda] Write cache: enabled, read cache: enabled, doesn't support DPO or FUA
Sep 13 18:05:30 localhost kernel: sda: sda1 sda2 sda3 sda4
Sep 13 18:05:30 localhost kernel: sd 0:0:0:0: [sda] Attached SCSI disk
Sep 13 18:05:30 localhost kernel: sr0: scsi3-mmc drive: 24x/24x writer dvd-ram cd/rw xa/form2 cdda tray
Sep 13 18:05:30 localhost kernel: Uniform CD-ROM driver Revision: 3.20
Sep 13 18:05:30 localhost kernel: sr 1:0:0:0: Attached scsi CD-ROM sr0
Sep 13 18:05:30 localhost kernel: EXT4-fs (sda3): mounted filesystem with ordered data mode. Opts: (null)
Sep 13 18:05:30 localhost kernel: rtc_cmos 00:07: RTC can wake from S4
Sep 13 18:05:30 localhost kernel: rtc_cmos 00:07: rtc core: registered rtc_cmos as rtc0
Sep 13 18:05:30 localhost kernel: rtc0: alarms up to one month, y3k, 114 bytes nvram, hpet irqs
Sep 13 18:05:30 localhost kernel: udev[838]: starting version 162
Sep 13 18:05:30 localhost kernel: iTCO_vendor_support: vendor-support=0
Sep 13 18:05:30 localhost kernel: input: Lid Switch as /devices/LNXSYSTM:00/LNXSYBUS:00/PNP0C0D:00/input/input1
Sep 13 18:05:30 localhost kernel: ACPI: Lid Switch [LID]
Sep 13 18:05:30 localhost kernel: input: Sleep Button as /devices/LNXSYSTM:00/LNXSYBUS:00/PNP0C0E:00/input/input2
Sep 13 18:05:30 localhost kernel: ACPI: Sleep Button [SLPB]
Sep 13 18:05:30 localhost kernel: input: Power Button as /devices/LNXSYSTM:00/LNXPWRBN:00/input/input3
Sep 13 18:05:30 localhost kernel: ACPI: Power Button [PWRF]
Sep 13 18:05:30 localhost kernel: ACPI: acpi_idle registered with cpuidle
Sep 13 18:05:30 localhost kernel: Monitor-Mwait will be used to enter C-1 state
Sep 13 18:05:30 localhost kernel: Monitor-Mwait will be used to enter C-2 state
Sep 13 18:05:30 localhost kernel: Monitor-Mwait will be used to enter C-3 state
Sep 13 18:05:30 localhost kernel: Marking TSC unstable due to TSC halts in idle
Sep 13 18:05:30 localhost kernel: agpgart-intel 0000:00:00.0: Intel GM45 Chipset
Sep 13 18:05:30 localhost kernel: cfg80211: Calling CRDA to update world regulatory domain
Sep 13 18:05:30 localhost kernel: agpgart-intel 0000:00:00.0: detected 32764K stolen memory
Sep 13 18:05:30 localhost kernel: Switching to clocksource hpet
Sep 13 18:05:30 localhost kernel: thermal LNXTHERM:01: registered as thermal_zone0
Sep 13 18:05:30 localhost kernel: ACPI: Thermal Zone [THM0] (30 C)
Sep 13 18:05:30 localhost kernel: thermal LNXTHERM:02: registered as thermal_zone1
Sep 13 18:05:30 localhost kernel: ACPI: Thermal Zone [THM1] (34 C)
Sep 13 18:05:30 localhost kernel: iTCO_wdt: Intel TCO WatchDog Timer Driver v1.06
Sep 13 18:05:30 localhost kernel: iTCO_wdt: Found a ICH9M-E TCO device (Version=2, TCOBASE=0x1060)
Sep 13 18:05:30 localhost kernel: iTCO_wdt: initialized. heartbeat=30 sec (nowayout=0)
Sep 13 18:05:30 localhost kernel: Uniform Multi-Platform E-IDE driver
Sep 13 18:05:30 localhost kernel: agpgart-intel 0000:00:00.0: AGP aperture is 256M @ 0xd0000000
Sep 13 18:05:30 localhost kernel: Non-volatile memory driver v1.3
Sep 13 18:05:30 localhost kernel: ACPI: Battery Slot [BAT0] (battery present)
Sep 13 18:05:30 localhost kernel: yenta_cardbus 0000:15:00.0: CardBus bridge found [17aa:20c6]
Sep 13 18:05:30 localhost kernel: sd 0:0:0:0: Attached scsi generic sg0 type 0
Sep 13 18:05:30 localhost kernel: sr 1:0:0:0: Attached scsi generic sg1 type 5
Sep 13 18:05:30 localhost kernel: ACPI: AC Adapter [AC] (off-line)
Sep 13 18:05:30 localhost kernel: input: PC Speaker as /devices/platform/pcspkr/input/input4
Sep 13 18:05:30 localhost kernel: e1000e: Intel(R) PRO/1000 Network Driver - 1.0.2-k4
Sep 13 18:05:30 localhost kernel: e1000e: Copyright (c) 1999 - 2009 Intel Corporation.
Sep 13 18:05:30 localhost kernel: e1000e 0000:00:19.0: PCI INT A -> GSI 20 (level, low) -> IRQ 20
Sep 13 18:05:30 localhost kernel: e1000e 0000:00:19.0: setting latency timer to 64
Sep 13 18:05:30 localhost kernel: e1000e 0000:00:19.0: irq 46 for MSI/MSI-X
Sep 13 18:05:30 localhost kernel: usbcore: registered new interface driver usbfs
Sep 13 18:05:30 localhost kernel: usbcore: registered new interface driver hub
Sep 13 18:05:30 localhost kernel: usbcore: registered new device driver usb
Sep 13 18:05:30 localhost kernel: ACPI: WMI: Mapper loaded
Sep 13 18:05:30 localhost kernel: yenta_cardbus 0000:15:00.0: ISA IRQ mask 0x0cb8, PCI irq 16
Sep 13 18:05:30 localhost kernel: yenta_cardbus 0000:15:00.0: Socket status: 30000006
Sep 13 18:05:30 localhost kernel: yenta_cardbus 0000:15:00.0: pcmcia: parent PCI bridge window: [io  0x6000-0x9fff]
Sep 13 18:05:30 localhost kernel: yenta_cardbus 0000:15:00.0: pcmcia: parent PCI bridge window: [mem 0xf4300000-0xf7ffffff]
Sep 13 18:05:30 localhost kernel: pcmcia_socket pcmcia_socket0: cs: memory probe 0xf4300000-0xf7ffffff: excluding 0xf4300000-0xf46cffff
Sep 13 18:05:30 localhost kernel: yenta_cardbus 0000:15:00.0: pcmcia: parent PCI bridge window: [mem 0xf0000000-0xf3ffffff 64bit pref]
Sep 13 18:05:30 localhost kernel: pcmcia_socket pcmcia_socket0: cs: memory probe 0xf0000000-0xf3ffffff: excluding 0xf0000000-0xf3ffffff
Sep 13 18:05:30 localhost kernel: firewire_ohci 0000:15:00.1: PCI INT B -> GSI 17 (level, low) -> IRQ 17
Sep 13 18:05:30 localhost kernel: ehci_hcd: USB 2.0 'Enhanced' Host Controller (EHCI) Driver
Sep 13 18:05:30 localhost kernel: thinkpad_acpi: ThinkPad ACPI Extras v0.24
Sep 13 18:05:30 localhost kernel: thinkpad_acpi: http://ibm-acpi.sf.net/
Sep 13 18:05:30 localhost kernel: thinkpad_acpi: ThinkPad BIOS 7UET66WW (2.16 ), EC 7VHT12WW-1.01
Sep 13 18:05:30 localhost kernel: thinkpad_acpi: Lenovo ThinkPad T400, model 2764CTO
Sep 13 18:05:30 localhost kernel: thinkpad_acpi: detected a 16-level brightness capable ThinkPad
Sep 13 18:05:30 localhost kernel: thinkpad_acpi: radio switch found; radios are enabled
Sep 13 18:05:30 localhost kernel: thinkpad_acpi: This ThinkPad has standard ACPI backlight brightness control, supported by the ACPI video driver
Sep 13 18:05:30 localhost kernel: thinkpad_acpi: Disabling thinkpad-acpi brightness events by default...
Sep 13 18:05:30 localhost kernel: sdhci: Secure Digital Host Controller Interface driver
Sep 13 18:05:30 localhost kernel: sdhci: Copyright(c) Pierre Ossman
Sep 13 18:05:30 localhost kernel: thinkpad_acpi: rfkill switch tpacpi_bluetooth_sw: radio is unblocked
Sep 13 18:05:30 localhost kernel: Registered led device: tpacpi::thinklight
Sep 13 18:05:30 localhost kernel: Registered led device: tpacpi::power
Sep 13 18:05:30 localhost kernel: Registered led device: tpacpi::standby
Sep 13 18:05:30 localhost kernel: Registered led device: tpacpi::thinkvantage
Sep 13 18:05:30 localhost kernel: thinkpad_acpi: Standard ACPI backlight interface available, not loading native one.
Sep 13 18:05:30 localhost kernel: thinkpad_acpi: Console audio control enabled, mode: monitor (read only)
Sep 13 18:05:30 localhost kernel: input: ThinkPad Extra Buttons as /devices/platform/thinkpad_acpi/input/input5
Sep 13 18:05:30 localhost kernel: e1000e 0000:00:19.0: eth0: (PCI Express:2.5GB/s:Width x1) 00:22:68:0f:db:6f
Sep 13 18:05:30 localhost kernel: e1000e 0000:00:19.0: eth0: Intel(R) PRO/1000 Network Connection
Sep 13 18:05:30 localhost kernel: e1000e 0000:00:19.0: eth0: MAC: 7, PHY: 8, PBA No: 1008ff-0ff
Sep 13 18:05:30 localhost kernel: i801_smbus 0000:00:1f.3: PCI INT A -> GSI 23 (level, low) -> IRQ 23
Sep 13 18:05:30 localhost kernel: ehci_hcd 0000:00:1a.7: power state changed by ACPI to D0
Sep 13 18:05:30 localhost kernel: ehci_hcd 0000:00:1a.7: power state changed by ACPI to D0
Sep 13 18:05:30 localhost kernel: ehci_hcd 0000:00:1a.7: PCI INT D -> GSI 23 (level, low) -> IRQ 23
Sep 13 18:05:30 localhost kernel: ehci_hcd 0000:00:1a.7: setting latency timer to 64
Sep 13 18:05:30 localhost kernel: ehci_hcd 0000:00:1a.7: EHCI Host Controller
Sep 13 18:05:30 localhost kernel: ehci_hcd 0000:00:1a.7: new USB bus registered, assigned bus number 1
Sep 13 18:05:30 localhost kernel: ehci_hcd 0000:00:1a.7: debug port 1
Sep 13 18:05:30 localhost kernel: ehci_hcd 0000:00:1a.7: cache line size of 64 is not supported
Sep 13 18:05:30 localhost kernel: ehci_hcd 0000:00:1a.7: irq 23, io mem 0xfc626c00
Sep 13 18:05:30 localhost kernel: firewire_ohci: Added fw-ohci device 0000:15:00.1, OHCI v1.10, 4 IR + 4 IT contexts, quirks 0x0
Sep 13 18:05:30 localhost kernel: sdhci-pci 0000:15:00.2: SDHCI controller found [1180:0822] (rev 21)
Sep 13 18:05:30 localhost kernel: sdhci-pci 0000:15:00.2: PCI INT C -> GSI 18 (level, low) -> IRQ 18
Sep 13 18:05:30 localhost kernel: sdhci-pci 0000:15:00.2: Will use DMA mode even though HW doesn't fully claim to support it.
Sep 13 18:05:30 localhost kernel: Registered led device: mmc0::
Sep 13 18:05:30 localhost kernel: mmc0: SDHCI controller on PCI [0000:15:00.2] using DMA
Sep 13 18:05:30 localhost kernel: ehci_hcd 0000:00:1a.7: USB 2.0 started, EHCI 1.00
Sep 13 18:05:30 localhost kernel: hub 1-0:1.0: USB hub found
Sep 13 18:05:30 localhost kernel: hub 1-0:1.0: 6 ports detected
Sep 13 18:05:30 localhost kernel: ehci_hcd 0000:00:1d.7: power state changed by ACPI to D0
Sep 13 18:05:30 localhost kernel: ehci_hcd 0000:00:1d.7: power state changed by ACPI to D0
Sep 13 18:05:30 localhost kernel: ehci_hcd 0000:00:1d.7: PCI INT D -> GSI 19 (level, low) -> IRQ 19
Sep 13 18:05:30 localhost kernel: ehci_hcd 0000:00:1d.7: setting latency timer to 64
Sep 13 18:05:30 localhost kernel: ehci_hcd 0000:00:1d.7: EHCI Host Controller
Sep 13 18:05:30 localhost kernel: ehci_hcd 0000:00:1d.7: new USB bus registered, assigned bus number 2
Sep 13 18:05:30 localhost kernel: ehci_hcd 0000:00:1d.7: debug port 1
Sep 13 18:05:30 localhost kernel: ehci_hcd 0000:00:1d.7: cache line size of 64 is not supported
Sep 13 18:05:30 localhost kernel: ehci_hcd 0000:00:1d.7: irq 19, io mem 0xfc627000
Sep 13 18:05:30 localhost kernel: ehci_hcd 0000:00:1d.7: USB 2.0 started, EHCI 1.00
Sep 13 18:05:30 localhost kernel: hub 2-0:1.0: USB hub found
Sep 13 18:05:30 localhost kernel: hub 2-0:1.0: 6 ports detected
Sep 13 18:05:30 localhost kernel: uhci_hcd: USB Universal Host Controller Interface driver
Sep 13 18:05:30 localhost kernel: uhci_hcd 0000:00:1a.0: power state changed by ACPI to D0
Sep 13 18:05:30 localhost kernel: uhci_hcd 0000:00:1a.0: power state changed by ACPI to D0
Sep 13 18:05:30 localhost kernel: uhci_hcd 0000:00:1a.0: PCI INT A -> GSI 20 (level, low) -> IRQ 20
Sep 13 18:05:30 localhost kernel: uhci_hcd 0000:00:1a.0: setting latency timer to 64
Sep 13 18:05:30 localhost kernel: uhci_hcd 0000:00:1a.0: UHCI Host Controller
Sep 13 18:05:30 localhost kernel: uhci_hcd 0000:00:1a.0: new USB bus registered, assigned bus number 3
Sep 13 18:05:30 localhost kernel: uhci_hcd 0000:00:1a.0: irq 20, io base 0x00001860
Sep 13 18:05:30 localhost kernel: hub 3-0:1.0: USB hub found
Sep 13 18:05:30 localhost kernel: hub 3-0:1.0: 2 ports detected
Sep 13 18:05:30 localhost kernel: uhci_hcd 0000:00:1a.1: PCI INT B -> GSI 21 (level, low) -> IRQ 21
Sep 13 18:05:30 localhost kernel: uhci_hcd 0000:00:1a.1: setting latency timer to 64
Sep 13 18:05:30 localhost kernel: uhci_hcd 0000:00:1a.1: UHCI Host Controller
Sep 13 18:05:30 localhost kernel: uhci_hcd 0000:00:1a.1: new USB bus registered, assigned bus number 4
Sep 13 18:05:30 localhost kernel: uhci_hcd 0000:00:1a.1: irq 21, io base 0x00001880
Sep 13 18:05:30 localhost kernel: hub 4-0:1.0: USB hub found
Sep 13 18:05:30 localhost kernel: hub 4-0:1.0: 2 ports detected
Sep 13 18:05:30 localhost kernel: uhci_hcd 0000:00:1a.2: power state changed by ACPI to D0
Sep 13 18:05:30 localhost kernel: uhci_hcd 0000:00:1a.2: power state changed by ACPI to D0
Sep 13 18:05:30 localhost kernel: uhci_hcd 0000:00:1a.2: PCI INT C -> GSI 22 (level, low) -> IRQ 22
Sep 13 18:05:30 localhost kernel: uhci_hcd 0000:00:1a.2: setting latency timer to 64
Sep 13 18:05:30 localhost kernel: uhci_hcd 0000:00:1a.2: UHCI Host Controller
Sep 13 18:05:30 localhost kernel: uhci_hcd 0000:00:1a.2: new USB bus registered, assigned bus number 5
Sep 13 18:05:30 localhost kernel: uhci_hcd 0000:00:1a.2: irq 22, io base 0x000018a0
Sep 13 18:05:30 localhost kernel: hub 5-0:1.0: USB hub found
Sep 13 18:05:30 localhost kernel: hub 5-0:1.0: 2 ports detected
Sep 13 18:05:30 localhost kernel: uhci_hcd 0000:00:1d.0: power state changed by ACPI to D0
Sep 13 18:05:30 localhost kernel: uhci_hcd 0000:00:1d.0: power state changed by ACPI to D0
Sep 13 18:05:30 localhost kernel: uhci_hcd 0000:00:1d.0: PCI INT A -> GSI 16 (level, low) -> IRQ 16
Sep 13 18:05:30 localhost kernel: uhci_hcd 0000:00:1d.0: setting latency timer to 64
Sep 13 18:05:30 localhost kernel: uhci_hcd 0000:00:1d.0: UHCI Host Controller
Sep 13 18:05:30 localhost kernel: uhci_hcd 0000:00:1d.0: new USB bus registered, assigned bus number 6
Sep 13 18:05:30 localhost kernel: uhci_hcd 0000:00:1d.0: irq 16, io base 0x000018c0
Sep 13 18:05:30 localhost kernel: hub 6-0:1.0: USB hub found
Sep 13 18:05:30 localhost kernel: hub 6-0:1.0: 2 ports detected
Sep 13 18:05:30 localhost kernel: uhci_hcd 0000:00:1d.1: PCI INT B -> GSI 17 (level, low) -> IRQ 17
Sep 13 18:05:30 localhost kernel: uhci_hcd 0000:00:1d.1: setting latency timer to 64
Sep 13 18:05:30 localhost kernel: uhci_hcd 0000:00:1d.1: UHCI Host Controller
Sep 13 18:05:30 localhost kernel: uhci_hcd 0000:00:1d.1: new USB bus registered, assigned bus number 7
Sep 13 18:05:30 localhost kernel: uhci_hcd 0000:00:1d.1: irq 17, io base 0x000018e0
Sep 13 18:05:30 localhost kernel: hub 7-0:1.0: USB hub found
Sep 13 18:05:30 localhost kernel: hub 7-0:1.0: 2 ports detected
Sep 13 18:05:30 localhost kernel: uhci_hcd 0000:00:1d.2: PCI INT C -> GSI 18 (level, low) -> IRQ 18
Sep 13 18:05:30 localhost kernel: uhci_hcd 0000:00:1d.2: setting latency timer to 64
Sep 13 18:05:30 localhost kernel: uhci_hcd 0000:00:1d.2: UHCI Host Controller
Sep 13 18:05:30 localhost kernel: uhci_hcd 0000:00:1d.2: new USB bus registered, assigned bus number 8
Sep 13 18:05:30 localhost kernel: uhci_hcd 0000:00:1d.2: irq 18, io base 0x00001c00
Sep 13 18:05:30 localhost kernel: hub 8-0:1.0: USB hub found
Sep 13 18:05:30 localhost kernel: hub 8-0:1.0: 2 ports detected
Sep 13 18:05:30 localhost kernel: [drm] Initialized drm 1.1.0 20060810
Sep 13 18:05:30 localhost kernel: HDA Intel 0000:00:1b.0: PCI INT B -> GSI 17 (level, low) -> IRQ 17
Sep 13 18:05:30 localhost kernel: HDA Intel 0000:00:1b.0: irq 47 for MSI/MSI-X
Sep 13 18:05:30 localhost kernel: HDA Intel 0000:00:1b.0: setting latency timer to 64
Sep 13 18:05:30 localhost kernel: usbcore: registered new interface driver rt73usb
Sep 13 18:05:30 localhost kernel: firewire_core: created device fw0: GUID 00016c2000aaefe9, S400
Sep 13 18:05:30 localhost kernel: usb 4-2: new full speed USB device using uhci_hcd and address 2
Sep 13 18:05:30 localhost kernel: input: HDA Intel Mic as /devices/pci0000:00/0000:00:1b.0/sound/card0/input6
Sep 13 18:05:30 localhost kernel: input: HDA Intel Mic as /devices/pci0000:00/0000:00:1b.0/sound/card0/input7
Sep 13 18:05:30 localhost kernel: input: HDA Intel Headphone as /devices/pci0000:00/0000:00:1b.0/sound/card0/input8
Sep 13 18:05:30 localhost kernel: input: HDA Intel Headphone as /devices/pci0000:00/0000:00:1b.0/sound/card0/input9
Sep 13 18:05:30 localhost kernel: pcmcia_socket pcmcia_socket0: cs: memory probe 0x0c0000-0x0fffff: excluding 0xc0000-0xd3fff 0xdc000-0xfffff
Sep 13 18:05:30 localhost kernel: pcmcia_socket pcmcia_socket0: cs: memory probe 0xa0000000-0xa0ffffff: excluding 0xa0000000-0xa06fffff
Sep 13 18:05:30 localhost kernel: pcmcia_socket pcmcia_socket0: cs: memory probe 0x60000000-0x60ffffff: excluding 0x60000000-0x60ffffff
Sep 13 18:05:30 localhost kernel: Synaptics Touchpad, model: 1, fw: 7.0, id: 0x1c0b1, caps: 0xd04791/0xb00000/0x20000
Sep 13 18:05:30 localhost kernel: serio: Synaptics pass-through port at isa0060/serio1/input0
Sep 13 18:05:30 localhost kernel: input: SynPS/2 Synaptics TouchPad as /devices/platform/i8042/serio1/input/input10
Sep 13 18:05:30 localhost kernel: i915 0000:00:02.0: power state changed by ACPI to D0
Sep 13 18:05:30 localhost kernel: i915 0000:00:02.0: power state changed by ACPI to D0
Sep 13 18:05:30 localhost kernel: i915 0000:00:02.0: PCI INT A -> GSI 16 (level, low) -> IRQ 16
Sep 13 18:05:30 localhost kernel: i915 0000:00:02.0: setting latency timer to 64
Sep 13 18:05:30 localhost kernel: Bluetooth: Core ver 2.15
Sep 13 18:05:30 localhost kernel: NET: Registered protocol family 31
Sep 13 18:05:30 localhost kernel: Bluetooth: HCI device and connection manager initialized
Sep 13 18:05:30 localhost kernel: Bluetooth: HCI socket layer initialized
Sep 13 18:05:30 localhost kernel: Bluetooth: Generic Bluetooth USB driver ver 0.6
Sep 13 18:05:30 localhost kernel: usbcore: registered new interface driver btusb
Sep 13 18:05:30 localhost kernel: mtrr: no more MTRRs available
Sep 13 18:05:30 localhost kernel: [drm] MTRR allocation failed.  Graphics performance may suffer.
Sep 13 18:05:30 localhost kernel: i915 0000:00:02.0: irq 48 for MSI/MSI-X
Sep 13 18:05:30 localhost kernel: [drm] set up 31M of stolen space
Sep 13 18:05:30 localhost kernel: [drm] radeon defaulting to kernel modesetting.
Sep 13 18:05:30 localhost kernel: [drm] radeon kernel modesetting enabled.
Sep 13 18:05:30 localhost kernel: VGA switcheroo: detected switching method \_SB_.PCI0.VID_.ATPX handle
Sep 13 18:05:30 localhost kernel: radeon 0000:01:00.0: power state changed by ACPI to D0
Sep 13 18:05:30 localhost kernel: radeon 0000:01:00.0: power state changed by ACPI to D0
Sep 13 18:05:30 localhost kernel: radeon 0000:01:00.0: enabling device (0106 -> 0107)
Sep 13 18:05:30 localhost kernel: radeon 0000:01:00.0: PCI INT A -> GSI 16 (level, low) -> IRQ 16
Sep 13 18:05:30 localhost kernel: radeon 0000:01:00.0: setting latency timer to 64
Sep 13 18:05:30 localhost kernel: [drm] initializing kernel modesetting (RV620 0x1002:0x95C4).
Sep 13 18:05:30 localhost kernel: [drm] register mmio base: 0xBFFF0000
Sep 13 18:05:30 localhost kernel: [drm] register mmio size: 65536
Sep 13 18:05:30 localhost kernel: vga_switcheroo: enabled
Sep 13 18:05:30 localhost kernel: radeon atpx: version is 1
Sep 13 18:05:30 localhost kernel: ATOM BIOS: M82
Sep 13 18:05:30 localhost kernel: [drm] Clocks initialized !
Sep 13 18:05:30 localhost kernel: radeon 0000:01:00.0: VRAM: 256M 0x00000000 - 0x0FFFFFFF (256M used)
Sep 13 18:05:30 localhost kernel: radeon 0000:01:00.0: GTT: 512M 0x10000000 - 0x2FFFFFFF
Sep 13 18:05:30 localhost kernel: mtrr: no more MTRRs available
Sep 13 18:05:30 localhost kernel: [drm] Detected VRAM RAM=256M, BAR=256M
Sep 13 18:05:30 localhost kernel: [drm] RAM width 64bits DDR
Sep 13 18:05:30 localhost kernel: [TTM] Zone  kernel: Available graphics memory: 3005550 kiB.
Sep 13 18:05:30 localhost kernel: [TTM] Zone   dma32: Available graphics memory: 2097152 kiB.
Sep 13 18:05:30 localhost kernel: [TTM] Initializing pool allocator.
Sep 13 18:05:30 localhost kernel: [drm] radeon: 256M of VRAM memory ready
Sep 13 18:05:30 localhost kernel: [drm] radeon: 512M of GTT memory ready.
Sep 13 18:05:30 localhost kernel: radeon 0000:01:00.0: irq 49 for MSI/MSI-X
Sep 13 18:05:30 localhost kernel: radeon 0000:01:00.0: radeon: using MSI.
Sep 13 18:05:30 localhost kernel: [drm] radeon: irq initialized.
Sep 13 18:05:30 localhost kernel: [drm] GART: num cpu pages 131072, num gpu pages 131072
Sep 13 18:05:30 localhost kernel: [drm] Loading RV620 Microcode
Sep 13 18:05:30 localhost kernel: [drm] ring test succeeded in 0 usecs
Sep 13 18:05:30 localhost kernel: [drm] radeon: ib pool ready.
Sep 13 18:05:30 localhost kernel: [drm] ib test succeeded in 0 usecs
Sep 13 18:05:30 localhost kernel: [drm] Enabling audio support
Sep 13 18:05:30 localhost kernel: [drm] Default TV standard: NTSC
Sep 13 18:05:30 localhost kernel: [drm] Radeon Display Connectors
Sep 13 18:05:30 localhost kernel: [drm] Connector 0:
Sep 13 18:05:30 localhost kernel: [drm]   DVI-I
Sep 13 18:05:30 localhost kernel: [drm]   HPD3
Sep 13 18:05:30 localhost kernel: [drm]   DDC: 0x7e60 0x7e60 0x7e64 0x7e64 0x7e68 0x7e68 0x7e6c 0x7e6c
Sep 13 18:05:30 localhost kernel: [drm]   Encoders:
Sep 13 18:05:30 localhost kernel: [drm]     DFP1: INTERNAL_UNIPHY
Sep 13 18:05:30 localhost kernel: [drm] Connector 1:
Sep 13 18:05:30 localhost kernel: [drm]   LVDS
Sep 13 18:05:30 localhost kernel: [drm]   DDC: 0x7f68 0x7f68 0x7f6c 0x7f6c 0x7f70 0x7f70 0x7f74 0x7f74
Sep 13 18:05:30 localhost kernel: [drm]   Encoders:
Sep 13 18:05:30 localhost kernel: [drm]     LCD1: INTERNAL_KLDSCP_LVTMA
Sep 13 18:05:30 localhost kernel: [drm] Connector 2:
Sep 13 18:05:30 localhost kernel: [drm]   VGA
Sep 13 18:05:30 localhost kernel: [drm]   DDC: 0x7e20 0x7e20 0x7e24 0x7e24 0x7e28 0x7e28 0x7e2c 0x7e2c
Sep 13 18:05:30 localhost kernel: [drm]   Encoders:
Sep 13 18:05:30 localhost kernel: [drm]     CRT1: INTERNAL_KLDSCP_DAC1
Sep 13 18:05:30 localhost kernel: [drm] radeon: power management initialized
Sep 13 18:05:30 localhost kernel: [drm] fb mappable at 0xC0141000
Sep 13 18:05:30 localhost kernel: [drm] vram apper at 0xC0000000
Sep 13 18:05:30 localhost kernel: [drm] size 4096000
Sep 13 18:05:30 localhost kernel: [drm] fb depth is 24
Sep 13 18:05:30 localhost kernel: [drm]    pitch is 5120
Sep 13 18:05:30 localhost kernel: Console: switching to colour frame buffer device 160x50
Sep 13 18:05:30 localhost kernel: fb1: radeondrmfb frame buffer device
Sep 13 18:05:30 localhost kernel: drm: registered panic notifier
Sep 13 18:05:30 localhost kernel: Slow work thread pool: Starting up
Sep 13 18:05:30 localhost kernel: Slow work thread pool: Ready
Sep 13 18:05:30 localhost kernel: [drm] Initialized radeon 2.5.0 20080528 for 0000:01:00.0 on minor 1
Sep 13 18:05:30 localhost kernel: fb0: inteldrmfb frame buffer device
Sep 13 18:05:30 localhost kernel: acpi device:01: registered as cooling_device2
Sep 13 18:05:30 localhost kernel: input: Video Bus as /devices/LNXSYSTM:00/LNXSYBUS:00/PNP0A08:00/LNXVIDEO:00/input/input11
Sep 13 18:05:30 localhost kernel: ACPI: Video Device [VID] (multi-head: yes  rom: no  post: no)
Sep 13 18:05:30 localhost kernel: acpi device:07: registered as cooling_device3
Sep 13 18:05:30 localhost kernel: input: Video Bus as /devices/LNXSYSTM:00/LNXSYBUS:00/PNP0A08:00/device:06/LNXVIDEO:01/input/input12
Sep 13 18:05:30 localhost kernel: ACPI: Video Device [VID1] (multi-head: yes  rom: no  post: no)
Sep 13 18:05:30 localhost kernel: [drm] Initialized i915 1.6.0 20080730 for 0000:00:02.0 on minor 0
Sep 13 18:05:30 localhost kernel: EXT4-fs (sda3): re-mounted. Opts: (null)
Sep 13 18:05:30 localhost kernel: EXT4-fs (sda3): re-mounted. Opts: (null)
Sep 13 18:05:30 localhost kernel: EXT4-fs (sda4): mounted filesystem with ordered data mode. Opts: (null)
Sep 13 18:05:30 localhost kernel: Adding 2104508k swap on /dev/sda2.  Priority:-1 extents:1 across:2104508k 
Sep 13 18:05:31 localhost kernel: IBM TrackPoint firmware: 0x0e, buttons: 3/3
Sep 13 18:05:31 localhost kernel: input: TPPS/2 IBM TrackPoint as /devices/platform/i8042/serio1/serio2/input/input13
Sep 13 18:05:35 localhost kernel: NET: Registered protocol family 10
Sep 13 18:05:35 localhost kernel: lo: Disabled Privacy Extensions
Sep 13 18:05:38 localhost kernel: Monitor-Mwait will be used to enter C-3 state
Sep 13 18:05:38 localhost kernel: thinkpad_acpi: EC reports that Thermal Table has changed
Sep 13 18:05:40 localhost kernel: e1000e 0000:00:19.0: irq 46 for MSI/MSI-X
Sep 13 18:05:40 localhost kernel: e1000e 0000:00:19.0: irq 46 for MSI/MSI-X
Sep 13 18:05:40 localhost kernel: ADDRCONF(NETDEV_UP): eth0: link is not ready
Sep 13 18:05:50 localhost kernel: usb 1-1: new high speed USB device using ehci_hcd and address 3
Sep 13 18:05:51 localhost kernel: phy0: Selected rate control algorithm 'minstrel'
Sep 13 18:05:51 localhost kernel: Registered led device: rt73usb-phy0::radio
Sep 13 18:05:51 localhost kernel: Registered led device: rt73usb-phy0::assoc
Sep 13 18:05:51 localhost kernel: Registered led device: rt73usb-phy0::quality
Sep 13 18:05:53 localhost kernel: vgaarb: device changed decodes: PCI:0000:01:00.0,olddecodes=io+mem,decodes=none:owns=none
Sep 13 18:05:53 localhost kernel: vgaarb: device changed decodes: PCI:0000:00:02.0,olddecodes=io+mem,decodes=none:owns=io+mem
Sep 13 18:05:54 localhost kernel: [drm:atom_op_jump] *ERROR* atombios stuck in loop for more than 1sec aborting
Sep 13 18:05:54 localhost kernel: [drm:atom_execute_table_locked] *ERROR* atombios stuck executing FA9A (len 479, WS 0, PS 4) @ 0xFADB
Sep 13 18:05:55 localhost kernel: ADDRCONF(NETDEV_UP): wlan0: link is not ready
Sep 13 18:05:55 localhost kernel: [drm:atom_op_jump] *ERROR* atombios stuck in loop for more than 1sec aborting
Sep 13 18:05:55 localhost kernel: [drm:atom_execute_table_locked] *ERROR* atombios stuck executing FA9A (len 479, WS 0, PS 4) @ 0xFADB
Sep 13 18:05:57 localhost kernel: ADDRCONF(NETDEV_UP): wlan0: link is not ready
Sep 13 18:05:57 localhost kernel: e1000e 0000:00:19.0: irq 46 for MSI/MSI-X
Sep 13 18:05:57 localhost kernel: e1000e 0000:00:19.0: irq 46 for MSI/MSI-X
Sep 13 18:05:57 localhost kernel: ADDRCONF(NETDEV_UP): eth0: link is not ready
Sep 13 18:05:57 localhost kernel: ADDRCONF(NETDEV_UP): wlan0: link is not ready
Sep 13 18:05:59 localhost kernel: wlan0: authenticate with 00:e0:98:cb:ac:b3 (try 1)
Sep 13 18:05:59 localhost kernel: wlan0: authenticated
Sep 13 18:05:59 localhost kernel: wlan0: deauthenticating from 00:e0:98:cb:ac:b3 by local choice (reason=3)
Sep 13 18:05:59 localhost kernel: wlan0: authenticate with 00:e0:98:cb:ac:b3 (try 1)
Sep 13 18:05:59 localhost kernel: wlan0: associate with 00:e0:98:cb:ac:b3 (try 1)
Sep 13 18:05:59 localhost kernel: wlan0: authenticated
Sep 13 18:05:59 localhost kernel: wlan0: RX AssocResp from 00:e0:98:cb:ac:b3 (capab=0x461 status=0 aid=3)
Sep 13 18:05:59 localhost kernel: wlan0: associated
Sep 13 18:06:00 localhost kernel: wlan0: deauthenticating from 00:e0:98:cb:ac:b3 by local choice (reason=3)
Sep 13 18:06:00 localhost kernel: wlan0: authenticate with 00:e0:98:cb:ac:b3 (try 1)
Sep 13 18:06:00 localhost kernel: wlan0: authenticated
Sep 13 18:06:00 localhost kernel: wlan0: associate with 00:e0:98:cb:ac:b3 (try 1)
Sep 13 18:06:00 localhost kernel: wlan0: RX AssocResp from 00:e0:98:cb:ac:b3 (capab=0x461 status=0 aid=3)
Sep 13 18:06:00 localhost kernel: wlan0: associated
Sep 13 18:06:00 localhost kernel: ADDRCONF(NETDEV_CHANGE): wlan0: link becomes ready
Sep 13 18:06:10 localhost kernel: wlan0: no IPv6 routers present
Sep 13 18:06:34 localhost kernel: wlan0: deauthenticating from 00:e0:98:cb:ac:b3 by local choice (reason=3)
Sep 13 18:06:34 localhost kernel: cfg80211: Calling CRDA to update world regulatory domain
Sep 13 18:06:34 localhost kernel: ADDRCONF(NETDEV_UP): wlan0: link is not ready
Sep 13 18:06:34 localhost kernel: e1000e 0000:00:19.0: irq 46 for MSI/MSI-X
Sep 13 18:06:34 localhost kernel: e1000e 0000:00:19.0: irq 46 for MSI/MSI-X
Sep 13 18:06:34 localhost kernel: ADDRCONF(NETDEV_UP): eth0: link is not ready
Sep 13 18:06:56 localhost kernel: ADDRCONF(NETDEV_UP): wlan0: link is not ready
Sep 13 18:06:57 localhost kernel: e1000e 0000:00:19.0: irq 46 for MSI/MSI-X
Sep 13 18:06:57 localhost kernel: e1000e 0000:00:19.0: irq 46 for MSI/MSI-X
Sep 13 18:06:57 localhost kernel: ADDRCONF(NETDEV_UP): eth0: link is not ready
Sep 13 18:06:57 localhost kernel: ADDRCONF(NETDEV_UP): wlan0: link is not ready
Sep 13 18:06:59 localhost kernel: wlan0: authenticate with 00:e0:98:cb:ac:b3 (try 1)
Sep 13 18:06:59 localhost kernel: wlan0: authenticated
Sep 13 18:06:59 localhost kernel: wlan0: associate with 00:e0:98:cb:ac:b3 (try 1)
Sep 13 18:06:59 localhost kernel: wlan0: RX AssocResp from 00:e0:98:cb:ac:b3 (capab=0x461 status=0 aid=3)
Sep 13 18:06:59 localhost kernel: wlan0: associated
Sep 13 18:06:59 localhost kernel: ADDRCONF(NETDEV_CHANGE): wlan0: link becomes ready
Sep 13 18:07:09 localhost kernel: wlan0: no IPv6 routers present
Sep 13 19:29:57 localhost kernel: thinkpad_acpi: EC reports that Thermal Table has changed
Sep 13 19:35:44 localhost kernel: thinkpad_acpi: EC reports that Thermal Table has changed
Sep 14 10:48:01 localhost kernel: Initializing cgroup subsys cpuset
Sep 14 10:48:01 localhost kernel: Initializing cgroup subsys cpu
Sep 14 10:48:01 localhost kernel: Linux version 2.6.35-ARCH (tobias@T-POWA-LX) (gcc version 4.5.1 (GCC) ) #1 SMP PREEMPT Fri Aug 27 17:14:28 CEST 2010
Sep 14 10:48:01 localhost kernel: Command line: root=/dev/disk/by-uuid/f1ca9560-8c47-4c79-971c-6f3b7f6b8019 ro
Sep 14 10:48:01 localhost kernel: BIOS-provided physical RAM map:
Sep 14 10:48:01 localhost kernel: BIOS-e820: 0000000000000000 - 000000000009ec00 (usable)
Sep 14 10:48:01 localhost kernel: BIOS-e820: 000000000009ec00 - 00000000000a0000 (reserved)
Sep 14 10:48:01 localhost kernel: BIOS-e820: 00000000000dc000 - 0000000000100000 (reserved)
Sep 14 10:48:01 localhost kernel: BIOS-e820: 0000000000100000 - 000000009d6a1000 (usable)
Sep 14 10:48:01 localhost kernel: BIOS-e820: 000000009d6a1000 - 000000009d6a7000 (reserved)
Sep 14 10:48:01 localhost kernel: BIOS-e820: 000000009d6a7000 - 000000009d7b7000 (usable)
Sep 14 10:48:01 localhost kernel: BIOS-e820: 000000009d7b7000 - 000000009d80f000 (reserved)
Sep 14 10:48:01 localhost kernel: BIOS-e820: 000000009d80f000 - 000000009d8c7000 (usable)
Sep 14 10:48:01 localhost kernel: BIOS-e820: 000000009d8c7000 - 000000009d8d2000 (ACPI NVS)
Sep 14 10:48:01 localhost kernel: BIOS-e820: 000000009d8d2000 - 000000009d8d5000 (ACPI data)
Sep 14 10:48:01 localhost kernel: BIOS-e820: 000000009d8d5000 - 000000009d8d9000 (reserved)
